> Task :api:compileJava UP-TO-DATE
> Task :api:processResources NO-SOURCE
> Task :api:classes UP-TO-DATE
> Task :api:jar UP-TO-DATE
> Task :core:compileJava
> Task :core:processResources UP-TO-DATE
> Task :core:classes
> Task :core:compileTestJava
> Task :core:processTestResources UP-TO-DATE
> Task :core:testClasses

> Task :core:test FAILED

ConstructionCodecTest > resignedUnknownSchemaAndInvalidEpochCounterAndCountsStillRefuse() PASSED

ConstructionCodecTest > corruptionTruncationAndTrailingDataAlwaysRefuse() PASSED

ConstructionCodecTest > duplicateIdsOwnershipAndOrphanParentsRefuseEvenWithValidChecksum() PASSED

ConstructionLedgerTest > cellAndEpochBoundsRefuseWithoutEvictionOrWraparound() PASSED

ConstructionLedgerTest > frameRunsKeepParallelCrossingProductAndUndeclaredAxesSeparate() PASSED

ConstructionLedgerTest > immutableWorkerInputAndStaleCompletionCannotOverwriteNewEdits() PASSED

ConstructionLedgerTest > historyAndLineageBoundsCannotEvictPublishedAncestors() PASSED

ConstructionLedgerTest > restoredRegistryIsIndependentOfLoadedObservationOrderAndEmptyWorldRetires() PASSED

ConstructionLedgerTest > splitRetiresParentEvenWhenOneChildWasCompletelyReplacedInTheBatch() PASSED

ConstructionLedgerTest > monolithAndPanelGroupsUseOnlyDeclaredProductsAndFaceAdjacency() PASSED

ConstructionLedgerTest > splitAndMergeCreateNewIdentitiesWithExactLineage() PASSED

ConstructionLedgerTest > fullDestructionAndSameTickReplacementCannotResurrectIdentityEvenAfterPendingSave() PASSED

ConstructionLedgerTest > noOpExtensionTrimAndUnrelatedObjectsRetainPublishedIdentity() PASSED

ConstructionSnapshotTest > workAndGraphViewsRejectEveryMutableEntryPoint() FAILED
    org.opentest4j.AssertionFailedError: Expected java.lang.UnsupportedOperationException to be thrown, but nothing was thrown.
        at app//org.junit.jupiter.api.AssertionFailureBuilder.build(AssertionFailureBuilder.java:152)
        at app//org.junit.jupiter.api.AssertThrows.assertThrows(AssertThrows.java:73)
        at app//org.junit.jupiter.api.AssertThrows.assertThrows(AssertThrows.java:35)
        at app//org.junit.jupiter.api.Assertions.assertThrows(Assertions.java:3115)
        at app//com.blockreality.core.world.ConstructionSnapshotTest.assertReadOnly(ConstructionSnapshotTest.java:51)
        at app//com.blockreality.core.world.ConstructionSnapshotTest.workAndGraphViewsRejectEveryMutableEntryPoint(ConstructionSnapshotTest.java:24)

ConstructionSnapshotTest > backgroundSnapshotRemainsStableDuringEditsAndStaleResultCannotPublish() PASSED

ConstructionSnapshotTest > snapshotNullRejectionSurvivesHashBackedStorage() PASSED

ConstructionSnapshotTest > workSnapshotDoesNotAliasCallerCollections() PASSED

17 tests completed, 1 failed

FAILURE: Build failed with an exception.

* What went wrong:
Execution failed for task ':core:test'.
> There were failing tests. See the report at: file:///C:/Users/wmc02/Desktop/block-reality/mod/core/build/reports/tests/test/index.html

* Try:
> Run with --scan to get full insights.

BUILD FAILED in 2s
7 actionable tasks: 3 executed, 4 up-to-date
