> Task :api:compileJava UP-TO-DATE
> Task :api:processResources NO-SOURCE
> Task :api:classes UP-TO-DATE
> Task :api:jar UP-TO-DATE
> Task :core:compileJava
> Task :core:processResources UP-TO-DATE
> Task :core:classes
> Task :core:compileTestJava UP-TO-DATE
> Task :core:processTestResources UP-TO-DATE
> Task :core:testClasses UP-TO-DATE

> Task :core:test FAILED

WorldCellIndexTest > encodedSnapshotsAreCallerOwnedAndInvalidateAfterCoverageEdits() FAILED
    org.opentest4j.AssertionFailedError: expected: <[(0,0,0), (1,0,0)]> but was: <[(0,0,0)]>
        at app//org.junit.jupiter.api.AssertionFailureBuilder.build(AssertionFailureBuilder.java:151)
        at app//org.junit.jupiter.api.AssertionFailureBuilder.buildAndThrow(AssertionFailureBuilder.java:132)
        at app//org.junit.jupiter.api.AssertEquals.failNotEqual(AssertEquals.java:197)
        at app//org.junit.jupiter.api.AssertEquals.assertEquals(AssertEquals.java:182)
        at app//org.junit.jupiter.api.AssertEquals.assertEquals(AssertEquals.java:177)
        at app//org.junit.jupiter.api.Assertions.assertEquals(Assertions.java:1145)
        at app//com.blockreality.core.world.WorldCellIndexTest.encodedSnapshotsAreCallerOwnedAndInvalidateAfterCoverageEdits(WorldCellIndexTest.java:16)

1 test completed, 1 failed

FAILURE: Build failed with an exception.

* What went wrong:
Execution failed for task ':core:test'.
> There were failing tests. See the report at: file:///C:/Users/wmc02/Desktop/block-reality/build/rs-mutants-vumo3nzw/mod/core/build/reports/tests/test/index.html

* Try:
> Run with --scan to get full insights.

BUILD FAILED in 2s
7 actionable tasks: 2 executed, 5 up-to-date
