[03:34:28] [main/DEBUG] [ne.mi.fm.ja.FMLModContainer/LOADING]: Creating FMLModContainer instance for com.blockreality.impl.BlockRealityMod
[03:34:31] [Server thread/INFO] [minecraft/DedicatedServer]: Starting minecraft server version 1.20.1
[03:34:47] [Server thread/INFO] [minecraft/DedicatedServer]: Done (15.513s)! For help, type "help"
[03:34:47] [Server thread/INFO] [minecraft/DedicatedServer]: Starting remote control listener
[03:35:25] [Server thread/INFO] [minecraft/MinecraftServer]: [Rcon: Marked chunk [256, 0] in minecraft:overworld to be force loaded]
[03:35:26] [Server thread/INFO] [minecraft/MinecraftServer]: [Rcon: Marked chunk [259, 0] in minecraft:overworld to be force loaded]
[03:35:28] [Server thread/INFO] [minecraft/MinecraftServer]: [Rcon: Changed the block at 4103, 200, 8]
[03:35:28] [Server thread/INFO] [minecraft/MinecraftServer]: [Rcon: Successfully filled 49 block(s)]
[03:35:28] [br-analysis-1/INFO] [BlockReality/]: [minecraft:overworld] native engine source=SYSTEM_PROPERTY path=/home/rocky/br-bsi-retention-native/libbsi_tectonic.so fileSha256=bbf38ff3d4633d4c9e0e7f42fb87e1e3183a6f9d7418ed88432b05392b36c121
[03:35:28] [br-analysis-1/INFO] [BlockReality/]: [minecraft:overworld] native engine READY: tectonic 1.3.0 contract=4b11cc738790d32d576ac71ecd1cb57f04d3ed9186a9e43f89492ae13c258801
[03:35:28] [Server thread/INFO] [minecraft/MinecraftServer]: [Rcon: Unmarked chunk [259, 0] in minecraft:overworld for force loading]
[03:37:23] [Server thread/INFO] [minecraft/MinecraftServer]: [Not Secure] [Rcon] WR_END_UNLOADED
[03:39:55] [Server thread/INFO] [minecraft/MinecraftServer]: [Rcon: Saved the game]
[03:39:55] [Server thread/INFO] [minecraft/MinecraftServer]: [Rcon: Stopping the server]
[03:39:55] [Server thread/INFO] [minecraft/MinecraftServer]: Stopping server
[03:39:55] [Server thread/INFO] [minecraft/MinecraftServer]: Saving players
[03:39:55] [Server thread/INFO] [minecraft/MinecraftServer]: Saving worlds
[03:39:56] [Server thread/INFO] [minecraft/MinecraftServer]: Saving chunks for level 'ServerLevel[world-registry-smoke]'/minecraft:overworld
[03:40:06] [Server thread/INFO] [minecraft/MinecraftServer]: Saving chunks for level 'ServerLevel[world-registry-smoke]'/minecraft:the_nether
[03:40:06] [Server thread/INFO] [minecraft/MinecraftServer]: Saving chunks for level 'ServerLevel[world-registry-smoke]'/minecraft:the_end
BUILD SUCCESSFUL in 5m 54s
