
> Task :compileJava FAILED
C:\Users\wmc02\Desktop\block-reality\forge\src\main\java\com\blockreality\impl\BlockRealityMod.java:28: warning: [removal] get() in FMLJavaModLoadingContext has been deprecated and marked for removal
        IEventBus bus = FMLJavaModLoadingContext.get().getModEventBus();
                                                ^
C:\Users\wmc02\Desktop\block-reality\forge\src\main\java\com\blockreality\impl\BlockRealityMod.java:32: warning: [removal] get() in ModLoadingContext has been deprecated and marked for removal
        net.minecraftforge.fml.ModLoadingContext.get().registerConfig(
                                                ^
C:\Users\wmc02\Desktop\block-reality\forge\src\main\java\com\blockreality\impl\server\StructureManager.java:550: error: method copyOf in interface List<E#2> cannot be applied to given types;
        cycle.begin(List.copyOf(structural), revision);
                        ^
  required: Collection<? extends E#1>
  found:    WorldIndexData
  reason: cannot infer type-variable(s) E#1
    (argument mismatch; WorldIndexData cannot be converted to Collection<? extends E#1>)
  where E#1,E#2 are type-variables:
    E#1 extends Object declared in method <E#1>copyOf(Collection<? extends E#1>)
    E#2 extends Object declared in interface List
C:\Users\wmc02\Desktop\block-reality\forge\src\main\java\com\blockreality\impl\server\StructureManager.java:616: error: constructor Gathered in record Gathered cannot be applied to given types;
        return new Gathered(snapshot, diagnostic);
               ^
  required: GameWorldSnapshot,String,InputCoverage
  found:    GameWorldSnapshot,String
  reason: actual and formal argument lists differ in length
Note: C:\Users\wmc02\Desktop\block-reality\forge\src\main\java\com\blockreality\impl\block\StructuralBlock.java uses or overrides a deprecated API.
Note: Recompile with -Xlint:deprecation for details.
2 errors
2 warnings

FAILURE: Build failed with an exception.

* What went wrong:
Execution failed for task ':compileJava'.
> Compilation failed; see the compiler error output for details.

* Try:
> Run with --info option to get more log output.
> Run with --scan to get full insights.

BUILD FAILED in 5s
1 actionable task: 1 executed
