To honour the JVM settings for this build a single-use Daemon process will be forked. For more on this, please refer to https://docs.gradle.org/8.8/userguide/gradle_daemon.html#sec:disabling_the_daemon in the Gradle documentation.
Daemon will be stopped at the end of the build 
> Task :api:compileJava UP-TO-DATE
> Task :api:processResources NO-SOURCE
> Task :api:classes UP-TO-DATE
> Task :api:jar UP-TO-DATE
> Task :core:compileJava
> Task :core:processResources UP-TO-DATE
> Task :core:classes
> Task :core:compileTestJava UP-TO-DATE
> Task :core:processTestResources UP-TO-DATE
> Task :core:testClasses UP-TO-DATE

> Task :core:test

BsiBeamDisplayTest > surfaceTilesSplitWithoutSmearingAcrossTheJump() PASSED

BsiBeamDisplayTest > neutralAxisIsSuppliedDataAndSegmentsDoNotCrossMissingOrDuplicateStations() PASSED

BsiBeamDisplayTest > malformedDataAndExternalMutationCannotReachTheDisplay() PASSED

BsiBeamDisplayTest > unequalVisualExtentsRetainIndependentNativeFacesAndBothSidesOfAJump() PASSED

BsiBeamDisplayTest > boundedInterpolationUsesFaceCentresAndClamps() PASSED

BsiBeamDisplayTest > samplesUnitsAndDiagnosticConventionComeFromWire() PASSED

BsiBeamDisplayTest > revisionSectionsAndCatalogueAreRequiredButRequestedZeroIsValid() PASSED

BsiBeamDisplayTest > duplicateStationsRetainBothSidesAndNeverInventAGoverningSide() PASSED

BsiBeamDisplayTest > nativeVerdictNeverDependsOnDisplayedDc() PASSED

ProductFormTest > materialCellsNeverTurnLegacySectionNamesOrPanelAxesIntoPhysicalDimensions() PASSED

ProductFormTest > undeclaredMissingAndUnsupportedProductsRemainExplicitlyUnresolved() PASSED

ProductFormTest > changedCatalogueDimensionsReachTheShapeAndBothSamplingExtents() PASSED

ProductFormTest > onlyFullFaceContactHidesAScanSurface() PASSED

ProductFormTest > unequalDeclaredWidthsAndDepthsKeepTheirAxesInAllThreeOrientations() PASSED

BUILD SUCCESSFUL in 6s
7 actionable tasks: 2 executed, 5 up-to-date
