
> Task :compileJava
C:\Users\wmc02\Desktop\block-reality\forge\src\main\java\com\blockreality\impl\BlockRealityMod.java:28: warning: [removal] get() in FMLJavaModLoadingContext has been deprecated and marked for removal
        IEventBus bus = FMLJavaModLoadingContext.get().getModEventBus();
                                                ^
C:\Users\wmc02\Desktop\block-reality\forge\src\main\java\com\blockreality\impl\BlockRealityMod.java:32: warning: [removal] get() in ModLoadingContext has been deprecated and marked for removal
        net.minecraftforge.fml.ModLoadingContext.get().registerConfig(
                                                ^
2 warnings

> Task :bundleEngines UP-TO-DATE
> Task :processResources
> Task :classes
> Task :compileTestJava
> Task :processTestResources NO-SOURCE
> Task :testClasses

> Task :test

GameVocabularyResourceTest > forgeCarriesTheSameVocabularyAndEveryRegisteredBlockHasABinding() PASSED

LangKeysTest > the two languages carry the same keys, so neither is half translated PASSED

LangKeysTest > a format string with a placeholder has one in both languages PASSED

LangKeysTest > every key the game can ask for has an English string PASSED

LangKeysTest > no br.* string is carried that nothing can ask for FAILED
    org.opentest4j.AssertionFailedError: lang keys nothing in the sources can ask for ==> expected: <[]> but was: <[br.hud.buckling, br.hud.buckling_critical]>
        at app//org.junit.jupiter.api.AssertionFailureBuilder.build(AssertionFailureBuilder.java:151)
        at app//org.junit.jupiter.api.AssertionFailureBuilder.buildAndThrow(AssertionFailureBuilder.java:132)
        at app//org.junit.jupiter.api.AssertEquals.failNotEqual(AssertEquals.java:197)
        at app//org.junit.jupiter.api.AssertEquals.assertEquals(AssertEquals.java:182)
        at app//org.junit.jupiter.api.Assertions.assertEquals(Assertions.java:1156)
        at app//com.blockreality.impl.LangKeysTest.noDeadKeys(LangKeysTest.java:201)

PlacementAxisTest > gameSourceUsesNativeSnapshotsAndObservedContactFaces() PASSED

PlacementAxisTest > rotationsAndCyclingKeepExplicitThreeAxisDeclarations() PASSED

PlacementAxisTest > undeclaredLegacyBlocksNeverInventAWorldAxis() PASSED

BrPermissionsTest > privilegedSubcommandsAreAllPresent() PASSED

BrPermissionsTest > anUnknownLiteralIsARegistrationError() PASSED

BrPermissionsTest > theWhitelistIsExactlyTheReadOnlyDiagnostics() PASSED

BrPermissionsTest > everythingOutsideTheReadOnlyWhitelistRequiresOp() PASSED

DisplayDeliveryTest > countIdentityAndOmissionContradictionsAreRejected() PASSED

DisplayDeliveryTest > receivingChargesAggregateStationsBeforeAllocation() PASSED

DisplayDeliveryTest > selectedRecordsAreCompleteAndThreeEncodesAreIdentical() PASSED

DisplayDeliveryTest > controllingElementReservesBudgetBeforeBothFamilies() PASSED

DisplayDeliveryTest > oversizedControllerIsExplicitAndNeverChangesSummary() PASSED

DisplayDeliveryTest > oversizedFrameIsRejectedBeforeParsing() PASSED

DisplayDeliveryTest > receivingChargesAggregateBlocksBeforeAllocation() PASSED

DisplayDeliveryTest > wholeElementsFitExactBytesAndOneLessOmitsThem() PASSED

DisplayDeliveryTest > countsAreSharedAcrossElementsAndFamilies() PASSED

GlobalVerdictPacketTest > invalidGlobalValuesRejectTheWholePacket() PASSED

GlobalVerdictPacketTest > globalDecisionDoesNotDependOnDisplayedElements() PASSED

GlobalVerdictPacketTest > explicitFlagsSurviveWithoutChangingTheirNumbers() PASSED

GlobalVerdictPacketTest > incompleteWorldSummaryRetainsComputedIslandCritical() PASSED

GlobalVerdictPacketTest > fullDoubleRangeSurvivesWithoutNarrowingOrRepair() PASSED

MemberPacketCodecTest > allSampledPacketTruncationsAreRejected() PASSED

MemberPacketCodecTest > absentDisplayDoesNotEraseSamplesOrDiagnostics() PASSED

MemberPacketCodecTest > fullPacketPreservesEverySampleCellFlagAndGoverningIndex() PASSED

MemberPacketCodecTest > oversizedCollectionsRejectInsteadOfDroppingTailSamples() PASSED

MemberPacketCodecTest > exactIdentityAndMissingGoverningSurviveTheFullPacket() PASSED

MemberPacketCodecTest > identifiedPacketTruncationsAndInvalidIdentityAreRejected() PASSED

MemberPacketCodecTest > nonFiniteMetadataAndSamplesAreRejected() PASSED

NativeResultPacketTest > sharedContractResourcesDescribeThisBuild() PASSED

NativeResultPacketTest > realNativeAnalysisReachesThePacketWithTheSameFlagsAndDoubles() SKIPPED

NativeResultPacketTest > failedAnalysisCannotBeEncodedAsAHealthyEmptyResult() PASSED

ShellPacketCodecTest > missingDisplayAndOptionalRawRemainDistinct() PASSED

ShellPacketCodecTest > nonFiniteSurfaceAndInvalidFrameRejectTheWholePacket() PASSED

ShellPacketCodecTest > everyTruncationOfASampledShellPacketIsRejected() PASSED

ShellPacketCodecTest > completePacketPreservesVerdictBlocksAndSamplesThroughPicking() PASSED

StressResultPacketTest > aHostileMemberCountRejectsThePacket() PASSED

StressResultPacketTest > roundTripPreservesTheDrawableResult() PASSED

StressResultPacketTest > theWithheldFlagFollowsItsMemberThroughOverlayTruncation() PASSED

StressResultPacketTest > withholdingWithoutATruncatedBlockIsRejected() PASSED

StressResultPacketTest > anUnknownBucklingStateOrdinalIsRejectedNotClamped() PASSED

StressResultPacketTest > everyBucklingStateSurvivesTheTrip() PASSED

StressResultPacketTest > unassignedCountsTravelPerReason() PASSED

StressResultPacketTest > anOverLongTokenIsTruncatedRatherThanThrownDuringTheBroadcast() PASSED

StressResultPacketTest > theSmallestDoubleFactorIsPreservedExactly() PASSED

StressResultPacketTest > anOverlongDimensionIsClippedNotThrown() PASSED

StressResultPacketTest > theHostSubstitutesDisabledByScaleAndNobodyElseCan() PASSED

StressResultPacketTest > everyNumberTheClientDrawsIsWithinTheDisplayBudgetOfTheServersOwn() PASSED

StressResultPacketTest > aWholeModelSendsNoWithholdingAtAll() PASSED

StressResultPacketTest > aMemberWithoutAGoverningStationDecodesAsNone() PASSED

StressResultPacketTest > withheldElementsAndTheirReasonSurviveTheWire() PASSED

StressResultPacketTest > aStateThatContradictsItsFactorIsRejected() PASSED

StressResultPacketTest > theMaterialTokenSurvivesTheWire() PASSED

StressResultPacketTest > theSafetyClassificationIsTheServersNotAFloatComparison() PASSED

StressResultPacketTest > truncationKeepsTheGoverningMemberAndSaysSo() PASSED

StressResultPacketTest > bucklingSkippedRoundTripsAndAContradictionIsRejected() PASSED

StressResultPacketTest > aTruncatedBufferNeverThrowsItRejects() PASSED

StressResultPacketTest > nanIsCorruptionNotZero() PASSED

StressResultPacketTest > anEmptyResultRoundTripsAsMechanismData() PASSED

StressResultPacketTest > governingStationSurvivesTheTripAsAPosition() PASSED

AnalysisExecutorTest > shutdownIsIdempotentAndSafeWithoutAPool() PASSED

AnalysisExecutorTest > submitAfterShutdownDoesNotThrowItReportsFalse() PASSED

AnalysisExecutorTest > thePoolIsRebuiltAfterShutdown() PASSED

BucklingPolicyTest > theLimitIsInclusiveAndZeroMeansNever() PASSED

BucklingPolicyTest > aNegativeLimitIsOffRatherThanInverted() PASSED

BucklingPolicyTest > theNativeDefaultUsesEngineDofBudgetInsteadOfBlockCounts() PASSED

GatherCycleTest > aCycleWithinBudgetCompletesInOneStep() PASSED

GatherCycleTest > aRevisionChangeAbandonsTheParkedCycle() PASSED

GatherCycleTest > anOverBudgetCycleYieldsAndResumesWhereItStopped() PASSED

GatherCycleTest > stepWithNoCycleIsIdle() PASSED

GatherCycleTest > zeroBudgetStillGuaranteesMinimumProgress() PASSED

SnapshotLoadsTest > aLoadOnABlockThatFormsNoElementIsIdentifiedByTheProbe() PASSED

SnapshotLoadsTest > aLoadInAnUnloadedChunkWaitsWithItsBlock() PASSED

SnapshotLoadsTest > momentsAreNotInventedForPointLoads() PASSED

SnapshotLoadsTest > aLoadOnAnIncludedBlockTravels() PASSED

SnapshotLoadsTest > aBlockThatFormsNoElementButCarriesNoLoadIsLeftAlone() PASSED

SnapshotLoadsTest > aLoadWhoseBlockIsGoneIsReportedStale() PASSED

SolveDispatchTest > aSuccessfulRunHandsTheResultToDeliveryAndDoesNotReleaseItself() PASSED

SolveDispatchTest > aThrowingSolveReleasesTheFlagAndLogs() PASSED

SolveDispatchTest > anErrorInTheSolveDoesNotDoubleRelease() PASSED

SolveDispatchTest > aThrowingDeliveryReleasesTheFlagAndLogs() PASSED

85 tests completed, 1 failed, 1 skipped

> Task :test FAILED

FAILURE: Build failed with an exception.

* What went wrong:
Execution failed for task ':test'.
> There were failing tests. See the report at: file:///C:/Users/wmc02/Desktop/block-reality/forge/build/reports/tests/test/index.html

* Try:
> Run with --scan to get full insights.

BUILD FAILED in 9s
5 actionable tasks: 4 executed, 1 up-to-date
