> Task :api:compileJava UP-TO-DATE
> Task :api:processResources NO-SOURCE
> Task :api:classes UP-TO-DATE
> Task :api:jar UP-TO-DATE
> Task :core:compileJava
> Task :core:processResources UP-TO-DATE
> Task :core:classes
> Task :core:compileTestJava
> Task :core:processTestResources UP-TO-DATE
> Task :core:testClasses

> Task :core:test

AtomicConstructionCoordinatorTest > everyPrepareAndCommitStorageStageFailureEitherAbortsOrRetainsDurableCommit() PASSED

AtomicConstructionCoordinatorTest > decisionVerificationFailureDoesNotGuessRollbackAndMissingPreparedFileDoesNotReopenWrites() PASSED

AtomicConstructionCoordinatorTest > everyParticipantWriteAndFlushFailureRestoresAllBeforeImagesWithoutPublication() PASSED

AtomicConstructionCoordinatorTest > secondPlayerOnSameBaseIsRejectedAndOrderedNonconflictingCommitAdvancesOnlyOnce() PASSED

AtomicConstructionCoordinatorTest > unknownExternalValueOrRevisionPreventsAnyRecoveryWrite() PASSED

AtomicConstructionCoordinatorTest > commitConsumesAllImagesOnceAndReplaySurvivesRestartAndLaterEdits() PASSED

AtomicConstructionCoordinatorTest > collisionsBindActorSessionDomainPayloadAndBaseWithoutChangingOriginalDecision() PASSED

AtomicConstructionCoordinatorTest > lostPublicationKeepsCommittedDecisionAndRecoveryPublishesBaselineWithoutApplyingAgain() PASSED

AtomicConstructionCoordinatorTest > callbacksCannotReenterCoordinatorAndBaselineFailureLeavesItClosed() PASSED

AtomicConstructionCoordinatorTest > validationStaleBaseAndConflictingImagesRefuseBeforeWritesAndRetainReplay() PASSED

AtomicConstructionCoordinatorTest > missingRevisionParticipantCannotCommitEvenWhenEverySuppliedImageMatches() PASSED

AtomicConstructionCoordinatorTest > failedRollbackRetainsPreparedAndBlocksUntilExplicitSuccessfulRecovery() PASSED

FileTransactionJournalTest > refusedAndAbortedKeysAreNeverEvictedAndClosedStoresCannotMutate() PASSED

FileTransactionJournalTest > everyAtomicWriteFaultIsResolvedFromRealFilesAndTempsRemainEvidence() PASSED

FileTransactionJournalTest > onlyOnePreparedIntentAndNoForeignDomainOrPrematureTerminalCreation() PASSED

FileTransactionJournalTest > corruptRecordsUnknownSchemaTruncationAndDomainMarkerArePreservedAndRefused() PASSED

FileTransactionJournalTest > exclusiveOwnerDomainPinAndLazyRestartReplayRetainOriginalImages() PASSED

FileTransactionJournalTest > readThroughDetectsDeletionAndCorruptionInsteadOfServingCachedSuccess() PASSED

TransactionCodecTest > aggregateSizeAndIndividualResourcePieceAndBindingBoundsApplyBeforeEncoding() PASSED

TransactionCodecTest > imagesAndListsAreImmutableAndMissingIsNotEmpty() PASSED

TransactionCodecTest > resignedSchemaPhaseReasonRevisionCountsAndNoncanonicalKeysRefuse() PASSED

TransactionCodecTest > phasesRoundTripCanonicallyAndOnlyCommittedReceiptsExposePieceIds() PASSED

TransactionCodecTest > terminalPhasesCannotChangeOrSmuggleDifferentImages() PASSED

TransactionCodecTest > everyCorruptedByteEveryTruncationAndTrailingDataRefuse() PASSED

> Task :core:constructionRecoveryGate
PASS prepare-temp_forced
PASS prepare-replaced
PASS prepare-target_forced
PASS prepare-directory_forced
PASS commit-temp_forced
PASS commit-replaced
PASS commit-target_forced
PASS commit-directory_forced
PASS write-1
PASS flush-1
PASS write-2
PASS flush-2
PASS write-3
PASS flush-3
PASS write-4
PASS flush-4
PASS write-5
PASS flush-5
PASS write-6
PASS flush-6
PASS publish
{"status":"PASS","crashed_jvms":21,"fresh_recovery_jvms":21,"elapsed_ms":13245,"scope":"file participants, not Minecraft"}

BUILD SUCCESSFUL in 16s
8 actionable tasks: 4 executed, 4 up-to-date
