{
  "platform": "windows-x86_64",
  "jar_sha256": "9d8cb6795e9c41514697a6eb2492fd00ef9eb484b4b5b30f627371967702de30",
  "native_sha256": "749ceebe5aa382f1c25a5d28797ababed9f1d7c9750009a3d957fb7c74d0bd15",
  "requests": {
    "C10_buckling_closed_forms_euler-tip_f32/0.frame": "b065465ce3ff2eadcc040e4d2bebcac6bf57508eb1821ed3d99f41d63bd8621d",
    "C10_buckling_closed_forms_euler-tip_f32/1.frame": "12fcd454c42478e55a1f1e1087a819b891d5381d0f7f190560cea964b3532f4d",
    "C10_buckling_closed_forms_euler-tip_f32/2.frame": "bc67afac99b37a35cbef281d77dc240823e4beef12eaff63707b7f7da9d8372f",
    "C10_buckling_closed_forms_euler-tip_f32/3.frame": "88f36e4d2dc12fa61322fbfbfc55e7f5bdec835e9ab4837cf1bb5103ac82cbe8",
    "C10_buckling_closed_forms_euler-tip_f64/0.frame": "b065465ce3ff2eadcc040e4d2bebcac6bf57508eb1821ed3d99f41d63bd8621d",
    "C10_buckling_closed_forms_euler-tip_f64/1.frame": "12fcd454c42478e55a1f1e1087a819b891d5381d0f7f190560cea964b3532f4d",
    "C10_buckling_closed_forms_euler-tip_f64/2.frame": "bc67afac99b37a35cbef281d77dc240823e4beef12eaff63707b7f7da9d8372f",
    "C10_buckling_closed_forms_euler-tip_f64/3.frame": "bfbfd63415529bcb948f698822bea87d8b4010969272371f7904a1855c78de12",
    "C10_buckling_closed_forms_greenhill_f32/0.frame": "b065465ce3ff2eadcc040e4d2bebcac6bf57508eb1821ed3d99f41d63bd8621d",
    "C10_buckling_closed_forms_greenhill_f32/1.frame": "12fcd454c42478e55a1f1e1087a819b891d5381d0f7f190560cea964b3532f4d",
    "C10_buckling_closed_forms_greenhill_f32/2.frame": "bc67afac99b37a35cbef281d77dc240823e4beef12eaff63707b7f7da9d8372f",
    "C10_buckling_closed_forms_greenhill_f32/3.frame": "d899adc578aca3f2252486caf5f2e01748e9f3d2332b4eb99be00c980972e645",
    "C10_buckling_closed_forms_greenhill_f64/0.frame": "b065465ce3ff2eadcc040e4d2bebcac6bf57508eb1821ed3d99f41d63bd8621d",
    "C10_buckling_closed_forms_greenhill_f64/1.frame": "12fcd454c42478e55a1f1e1087a819b891d5381d0f7f190560cea964b3532f4d",
    "C10_buckling_closed_forms_greenhill_f64/2.frame": "bc67afac99b37a35cbef281d77dc240823e4beef12eaff63707b7f7da9d8372f",
    "C10_buckling_closed_forms_greenhill_f64/3.frame": "049a212a903043cb15e1eb277267b6ca04dd29cc5d90c66c53b17ac83a3e6918",
    "C10_buckling_closed_forms_probe-invariance_f32/0.frame": "b065465ce3ff2eadcc040e4d2bebcac6bf57508eb1821ed3d99f41d63bd8621d",
    "C10_buckling_closed_forms_probe-invariance_f32/1.frame": "12fcd454c42478e55a1f1e1087a819b891d5381d0f7f190560cea964b3532f4d",
    "C10_buckling_closed_forms_probe-invariance_f32/2.frame": "bc67afac99b37a35cbef281d77dc240823e4beef12eaff63707b7f7da9d8372f",
    "C10_buckling_closed_forms_probe-invariance_f32/3.frame": "d0c71d35826d92a58c6f2923c8285e4d1a7a17bfa446f448c1624cec55f3f928",
    "C10_buckling_closed_forms_probe-invariance_f64/0.frame": "b065465ce3ff2eadcc040e4d2bebcac6bf57508eb1821ed3d99f41d63bd8621d",
    "C10_buckling_closed_forms_probe-invariance_f64/1.frame": "12fcd454c42478e55a1f1e1087a819b891d5381d0f7f190560cea964b3532f4d",
    "C10_buckling_closed_forms_probe-invariance_f64/2.frame": "bc67afac99b37a35cbef281d77dc240823e4beef12eaff63707b7f7da9d8372f",
    "C10_buckling_closed_forms_probe-invariance_f64/3.frame": "e3c31087dc701a8baae263597f4a39aaf093863c74fded6d1d9970fa4d47eaca",
    "C14_shell_wall_buckling_mirrored_thick_f32/0.frame": "b065465ce3ff2eadcc040e4d2bebcac6bf57508eb1821ed3d99f41d63bd8621d",
    "C14_shell_wall_buckling_mirrored_thick_f32/1.frame": "a842b73da89791b52ccedeefcb0d0b9ee03b4ba5b79295b788193a25d4ef3e7e",
    "C14_shell_wall_buckling_mirrored_thick_f32/2.frame": "d2b9395f9edde6739c2942ce7b3c07aa3dd15a4e957f6638bc273bc26b092680",
    "C14_shell_wall_buckling_mirrored_thick_f32/3.frame": "ea4d99a1ccc6715b428de9eab2bda6b23c046af401aa952a883e8d42f594c2ff",
    "C14_shell_wall_buckling_mirrored_thick_f64/0.frame": "b065465ce3ff2eadcc040e4d2bebcac6bf57508eb1821ed3d99f41d63bd8621d",
    "C14_shell_wall_buckling_mirrored_thick_f64/1.frame": "a842b73da89791b52ccedeefcb0d0b9ee03b4ba5b79295b788193a25d4ef3e7e",
    "C14_shell_wall_buckling_mirrored_thick_f64/2.frame": "d2b9395f9edde6739c2942ce7b3c07aa3dd15a4e957f6638bc273bc26b092680",
    "C14_shell_wall_buckling_mirrored_thick_f64/3.frame": "2949dcf870aacf67df02c7ccaa863c997414976b67d6ced549037fa983632c69",
    "C14_shell_wall_buckling_mirrored_thin_f32/0.frame": "b065465ce3ff2eadcc040e4d2bebcac6bf57508eb1821ed3d99f41d63bd8621d",
    "C14_shell_wall_buckling_mirrored_thin_f32/1.frame": "8ff142bd6b953d757d9869d689e4a39fba195aaab90a336cccd6c86fbd2ba453",
    "C14_shell_wall_buckling_mirrored_thin_f32/2.frame": "d2b9395f9edde6739c2942ce7b3c07aa3dd15a4e957f6638bc273bc26b092680",
    "C14_shell_wall_buckling_mirrored_thin_f32/3.frame": "ea4d99a1ccc6715b428de9eab2bda6b23c046af401aa952a883e8d42f594c2ff",
    "C14_shell_wall_buckling_mirrored_thin_f64/0.frame": "b065465ce3ff2eadcc040e4d2bebcac6bf57508eb1821ed3d99f41d63bd8621d",
    "C14_shell_wall_buckling_mirrored_thin_f64/1.frame": "8ff142bd6b953d757d9869d689e4a39fba195aaab90a336cccd6c86fbd2ba453",
    "C14_shell_wall_buckling_mirrored_thin_f64/2.frame": "d2b9395f9edde6739c2942ce7b3c07aa3dd15a4e957f6638bc273bc26b092680",
    "C14_shell_wall_buckling_mirrored_thin_f64/3.frame": "2949dcf870aacf67df02c7ccaa863c997414976b67d6ced549037fa983632c69",
    "C14_shell_wall_buckling_rotated_thick_f32/0.frame": "b065465ce3ff2eadcc040e4d2bebcac6bf57508eb1821ed3d99f41d63bd8621d",
    "C14_shell_wall_buckling_rotated_thick_f32/1.frame": "a842b73da89791b52ccedeefcb0d0b9ee03b4ba5b79295b788193a25d4ef3e7e",
    "C14_shell_wall_buckling_rotated_thick_f32/2.frame": "cdc49086b65c2163f73002767351fcd2265bb48a8eefb59145cda4f048400a13",
    "C14_shell_wall_buckling_rotated_thick_f32/3.frame": "ea4d99a1ccc6715b428de9eab2bda6b23c046af401aa952a883e8d42f594c2ff",
    "C14_shell_wall_buckling_rotated_thick_f64/0.frame": "b065465ce3ff2eadcc040e4d2bebcac6bf57508eb1821ed3d99f41d63bd8621d",
    "C14_shell_wall_buckling_rotated_thick_f64/1.frame": "a842b73da89791b52ccedeefcb0d0b9ee03b4ba5b79295b788193a25d4ef3e7e",
    "C14_shell_wall_buckling_rotated_thick_f64/2.frame": "cdc49086b65c2163f73002767351fcd2265bb48a8eefb59145cda4f048400a13",
    "C14_shell_wall_buckling_rotated_thick_f64/3.frame": "2949dcf870aacf67df02c7ccaa863c997414976b67d6ced549037fa983632c69",
    "C14_shell_wall_buckling_rotated_thin_f32/0.frame": "b065465ce3ff2eadcc040e4d2bebcac6bf57508eb1821ed3d99f41d63bd8621d",
    "C14_shell_wall_buckling_rotated_thin_f32/1.frame": "8ff142bd6b953d757d9869d689e4a39fba195aaab90a336cccd6c86fbd2ba453",
    "C14_shell_wall_buckling_rotated_thin_f32/2.frame": "cdc49086b65c2163f73002767351fcd2265bb48a8eefb59145cda4f048400a13",
    "C14_shell_wall_buckling_rotated_thin_f32/3.frame": "ea4d99a1ccc6715b428de9eab2bda6b23c046af401aa952a883e8d42f594c2ff",
    "C14_shell_wall_buckling_rotated_thin_f64/0.frame": "b065465ce3ff2eadcc040e4d2bebcac6bf57508eb1821ed3d99f41d63bd8621d",
    "C14_shell_wall_buckling_rotated_thin_f64/1.frame": "8ff142bd6b953d757d9869d689e4a39fba195aaab90a336cccd6c86fbd2ba453",
    "C14_shell_wall_buckling_rotated_thin_f64/2.frame": "cdc49086b65c2163f73002767351fcd2265bb48a8eefb59145cda4f048400a13",
    "C14_shell_wall_buckling_rotated_thin_f64/3.frame": "2949dcf870aacf67df02c7ccaa863c997414976b67d6ced549037fa983632c69",
    "C14_shell_wall_buckling_wall_thick_f32/0.frame": "b065465ce3ff2eadcc040e4d2bebcac6bf57508eb1821ed3d99f41d63bd8621d",
    "C14_shell_wall_buckling_wall_thick_f32/1.frame": "a842b73da89791b52ccedeefcb0d0b9ee03b4ba5b79295b788193a25d4ef3e7e",
    "C14_shell_wall_buckling_wall_thick_f32/2.frame": "0f32e3a4353646cfa3850844292ef4da2b308ef862f3d30b7c87c224061883d5",
    "C14_shell_wall_buckling_wall_thick_f32/3.frame": "ea4d99a1ccc6715b428de9eab2bda6b23c046af401aa952a883e8d42f594c2ff",
    "C14_shell_wall_buckling_wall_thick_f64/0.frame": "b065465ce3ff2eadcc040e4d2bebcac6bf57508eb1821ed3d99f41d63bd8621d",
    "C14_shell_wall_buckling_wall_thick_f64/1.frame": "a842b73da89791b52ccedeefcb0d0b9ee03b4ba5b79295b788193a25d4ef3e7e",
    "C14_shell_wall_buckling_wall_thick_f64/2.frame": "0f32e3a4353646cfa3850844292ef4da2b308ef862f3d30b7c87c224061883d5",
    "C14_shell_wall_buckling_wall_thick_f64/3.frame": "2949dcf870aacf67df02c7ccaa863c997414976b67d6ced549037fa983632c69",
    "C14_shell_wall_buckling_wall_thin_f32/0.frame": "b065465ce3ff2eadcc040e4d2bebcac6bf57508eb1821ed3d99f41d63bd8621d",
    "C14_shell_wall_buckling_wall_thin_f32/1.frame": "8ff142bd6b953d757d9869d689e4a39fba195aaab90a336cccd6c86fbd2ba453",
    "C14_shell_wall_buckling_wall_thin_f32/2.frame": "0f32e3a4353646cfa3850844292ef4da2b308ef862f3d30b7c87c224061883d5",
    "C14_shell_wall_buckling_wall_thin_f32/3.frame": "ea4d99a1ccc6715b428de9eab2bda6b23c046af401aa952a883e8d42f594c2ff",
    "C14_shell_wall_buckling_wall_thin_f64/0.frame": "b065465ce3ff2eadcc040e4d2bebcac6bf57508eb1821ed3d99f41d63bd8621d",
    "C14_shell_wall_buckling_wall_thin_f64/1.frame": "8ff142bd6b953d757d9869d689e4a39fba195aaab90a336cccd6c86fbd2ba453",
    "C14_shell_wall_buckling_wall_thin_f64/2.frame": "0f32e3a4353646cfa3850844292ef4da2b308ef862f3d30b7c87c224061883d5",
    "C14_shell_wall_buckling_wall_thin_f64/3.frame": "2949dcf870aacf67df02c7ccaa863c997414976b67d6ced549037fa983632c69",
    "C5_floating_beam_mechanism_f32/0.frame": "b065465ce3ff2eadcc040e4d2bebcac6bf57508eb1821ed3d99f41d63bd8621d",
    "C5_floating_beam_mechanism_f32/1.frame": "1a91b932418f88db243262449611f2f68767f3a374472867424266204678645d",
    "C5_floating_beam_mechanism_f32/2.frame": "a7654ae06f232d2b8b6f5f24824962f0fbf16e715a6c51ee684a97414baa6773",
    "C5_floating_beam_mechanism_f32/3.frame": "2c3a0472a477869352dc4bff2c72ddef6927ae66c39359d3d834a2734f3c93e5",
    "C5_floating_beam_mechanism_f64/0.frame": "b065465ce3ff2eadcc040e4d2bebcac6bf57508eb1821ed3d99f41d63bd8621d",
    "C5_floating_beam_mechanism_f64/1.frame": "1a91b932418f88db243262449611f2f68767f3a374472867424266204678645d",
    "C5_floating_beam_mechanism_f64/2.frame": "a7654ae06f232d2b8b6f5f24824962f0fbf16e715a6c51ee684a97414baa6773",
    "C5_floating_beam_mechanism_f64/3.frame": "e74d64d17a866bc9aed45dcc966b0e08e3479b1394fc56469db065d0a31ed152",
    "C6_slab_on_beam_f32/0.frame": "b065465ce3ff2eadcc040e4d2bebcac6bf57508eb1821ed3d99f41d63bd8621d",
    "C6_slab_on_beam_f32/1.frame": "8c62e4f7b404eba462e599ddbffcfd2825129f751ee21dbd86f2ee6f67f006b4",
    "C6_slab_on_beam_f32/2.frame": "d8e0377cc4faec449b0f51c1a857733e6334784b3a03b85938a60e665ac98e44",
    "C6_slab_on_beam_f32/3.frame": "2c3a0472a477869352dc4bff2c72ddef6927ae66c39359d3d834a2734f3c93e5",
    "C6_slab_on_beam_f64/0.frame": "b065465ce3ff2eadcc040e4d2bebcac6bf57508eb1821ed3d99f41d63bd8621d",
    "C6_slab_on_beam_f64/1.frame": "8c62e4f7b404eba462e599ddbffcfd2825129f751ee21dbd86f2ee6f67f006b4",
    "C6_slab_on_beam_f64/2.frame": "d8e0377cc4faec449b0f51c1a857733e6334784b3a03b85938a60e665ac98e44",
    "C6_slab_on_beam_f64/3.frame": "e74d64d17a866bc9aed45dcc966b0e08e3479b1394fc56469db065d0a31ed152",
    "C8_sign_cantilever_top_tension_f32/0.frame": "b065465ce3ff2eadcc040e4d2bebcac6bf57508eb1821ed3d99f41d63bd8621d",
    "C8_sign_cantilever_top_tension_f32/1.frame": "1a91b932418f88db243262449611f2f68767f3a374472867424266204678645d",
    "C8_sign_cantilever_top_tension_f32/2.frame": "d4d2d5678aaa79f898ead9b752630034de933bac6edff8250d9ee91e211e69d4",
    "C8_sign_cantilever_top_tension_f32/3.frame": "2c3a0472a477869352dc4bff2c72ddef6927ae66c39359d3d834a2734f3c93e5",
    "C8_sign_cantilever_top_tension_f64/0.frame": "b065465ce3ff2eadcc040e4d2bebcac6bf57508eb1821ed3d99f41d63bd8621d",
    "C8_sign_cantilever_top_tension_f64/1.frame": "1a91b932418f88db243262449611f2f68767f3a374472867424266204678645d",
    "C8_sign_cantilever_top_tension_f64/2.frame": "d4d2d5678aaa79f898ead9b752630034de933bac6edff8250d9ee91e211e69d4",
    "C8_sign_cantilever_top_tension_f64/3.frame": "e74d64d17a866bc9aed45dcc966b0e08e3479b1394fc56469db065d0a31ed152"
  },
  "replies": {
    "C10_buckling_closed_forms_euler-tip_f32/0.frame": "504a5b81369680ea9fc8022652e6c493dcc100f2937491344c48fc8601bd48c0",
    "C10_buckling_closed_forms_euler-tip_f32/1.frame": "87657080ad88db7c342dd538fb435eb3293c99275fc13ec3f594b0ff6aaf1d53",
    "C10_buckling_closed_forms_euler-tip_f32/2.frame": "34bb6ed7d3722b8fb937fafd3e2f5488cb43a8e7e8b8191e9ed5f58909975491",
    "C10_buckling_closed_forms_euler-tip_f32/3.frame": "f9ce84e425c70646e953def8586c45dd87c02e1a8e89ae7af0f2b04a3614be6d",
    "C10_buckling_closed_forms_euler-tip_f64/0.frame": "504a5b81369680ea9fc8022652e6c493dcc100f2937491344c48fc8601bd48c0",
    "C10_buckling_closed_forms_euler-tip_f64/1.frame": "87657080ad88db7c342dd538fb435eb3293c99275fc13ec3f594b0ff6aaf1d53",
    "C10_buckling_closed_forms_euler-tip_f64/2.frame": "34bb6ed7d3722b8fb937fafd3e2f5488cb43a8e7e8b8191e9ed5f58909975491",
    "C10_buckling_closed_forms_euler-tip_f64/3.frame": "5c347dfa07cf077dd4930942f11884dd19a82f04fa8034329e0298b9c5518d6d",
    "C10_buckling_closed_forms_greenhill_f32/0.frame": "504a5b81369680ea9fc8022652e6c493dcc100f2937491344c48fc8601bd48c0",
    "C10_buckling_closed_forms_greenhill_f32/1.frame": "87657080ad88db7c342dd538fb435eb3293c99275fc13ec3f594b0ff6aaf1d53",
    "C10_buckling_closed_forms_greenhill_f32/2.frame": "34bb6ed7d3722b8fb937fafd3e2f5488cb43a8e7e8b8191e9ed5f58909975491",
    "C10_buckling_closed_forms_greenhill_f32/3.frame": "66146867ed42a234dd147ab10f80406637acabf681c8b03a5350e61d12c97b88",
    "C10_buckling_closed_forms_greenhill_f64/0.frame": "504a5b81369680ea9fc8022652e6c493dcc100f2937491344c48fc8601bd48c0",
    "C10_buckling_closed_forms_greenhill_f64/1.frame": "87657080ad88db7c342dd538fb435eb3293c99275fc13ec3f594b0ff6aaf1d53",
    "C10_buckling_closed_forms_greenhill_f64/2.frame": "34bb6ed7d3722b8fb937fafd3e2f5488cb43a8e7e8b8191e9ed5f58909975491",
    "C10_buckling_closed_forms_greenhill_f64/3.frame": "d97956615ff149d387905c7792b8d5716da7eb410d8438c5b14523f49b317b7d",
    "C10_buckling_closed_forms_probe-invariance_f32/0.frame": "504a5b81369680ea9fc8022652e6c493dcc100f2937491344c48fc8601bd48c0",
    "C10_buckling_closed_forms_probe-invariance_f32/1.frame": "87657080ad88db7c342dd538fb435eb3293c99275fc13ec3f594b0ff6aaf1d53",
    "C10_buckling_closed_forms_probe-invariance_f32/2.frame": "34bb6ed7d3722b8fb937fafd3e2f5488cb43a8e7e8b8191e9ed5f58909975491",
    "C10_buckling_closed_forms_probe-invariance_f32/3.frame": "c757c2007ae069566ff594f3a8bad3e83fac1b1f173b9384cb656d9c0d9610ab",
    "C10_buckling_closed_forms_probe-invariance_f64/0.frame": "504a5b81369680ea9fc8022652e6c493dcc100f2937491344c48fc8601bd48c0",
    "C10_buckling_closed_forms_probe-invariance_f64/1.frame": "87657080ad88db7c342dd538fb435eb3293c99275fc13ec3f594b0ff6aaf1d53",
    "C10_buckling_closed_forms_probe-invariance_f64/2.frame": "34bb6ed7d3722b8fb937fafd3e2f5488cb43a8e7e8b8191e9ed5f58909975491",
    "C10_buckling_closed_forms_probe-invariance_f64/3.frame": "a15ca189525778218e2c3b85c4293a6f11a8cc8ae6ca2a929c97ac01d5875a99",
    "C14_shell_wall_buckling_mirrored_thick_f32/0.frame": "504a5b81369680ea9fc8022652e6c493dcc100f2937491344c48fc8601bd48c0",
    "C14_shell_wall_buckling_mirrored_thick_f32/1.frame": "3173af07fade904f31ba0c6fc4fd50e032ed674e4a87fe4d550ea461721077ef",
    "C14_shell_wall_buckling_mirrored_thick_f32/2.frame": "cc131f40597b9e3452775613579ea0c13cdb9878a5054a2b828fc493879cebad",
    "C14_shell_wall_buckling_mirrored_thick_f32/3.frame": "610bfd820fd17dc44e772e231b624152279945a283e3edc6bb763b6353e570ae",
    "C14_shell_wall_buckling_mirrored_thick_f64/0.frame": "504a5b81369680ea9fc8022652e6c493dcc100f2937491344c48fc8601bd48c0",
    "C14_shell_wall_buckling_mirrored_thick_f64/1.frame": "3173af07fade904f31ba0c6fc4fd50e032ed674e4a87fe4d550ea461721077ef",
    "C14_shell_wall_buckling_mirrored_thick_f64/2.frame": "cc131f40597b9e3452775613579ea0c13cdb9878a5054a2b828fc493879cebad",
    "C14_shell_wall_buckling_mirrored_thick_f64/3.frame": "9454d012085ec751b3d5720f16cdf1d3bde63d0a2aa6c8bd55487f7a0adb87d8",
    "C14_shell_wall_buckling_mirrored_thin_f32/0.frame": "504a5b81369680ea9fc8022652e6c493dcc100f2937491344c48fc8601bd48c0",
    "C14_shell_wall_buckling_mirrored_thin_f32/1.frame": "3173af07fade904f31ba0c6fc4fd50e032ed674e4a87fe4d550ea461721077ef",
    "C14_shell_wall_buckling_mirrored_thin_f32/2.frame": "cc131f40597b9e3452775613579ea0c13cdb9878a5054a2b828fc493879cebad",
    "C14_shell_wall_buckling_mirrored_thin_f32/3.frame": "2506ffcb1345d207d4cfa10492423af8a21719ffb7771bd4d61d82ebfffb6fe2",
    "C14_shell_wall_buckling_mirrored_thin_f64/0.frame": "504a5b81369680ea9fc8022652e6c493dcc100f2937491344c48fc8601bd48c0",
    "C14_shell_wall_buckling_mirrored_thin_f64/1.frame": "3173af07fade904f31ba0c6fc4fd50e032ed674e4a87fe4d550ea461721077ef",
    "C14_shell_wall_buckling_mirrored_thin_f64/2.frame": "cc131f40597b9e3452775613579ea0c13cdb9878a5054a2b828fc493879cebad",
    "C14_shell_wall_buckling_mirrored_thin_f64/3.frame": "08bf8a5d4e304cff5742719a6a5b0b8daaa8a7a75b97f24e32c18c850f81c0c5",
    "C14_shell_wall_buckling_rotated_thick_f32/0.frame": "504a5b81369680ea9fc8022652e6c493dcc100f2937491344c48fc8601bd48c0",
    "C14_shell_wall_buckling_rotated_thick_f32/1.frame": "3173af07fade904f31ba0c6fc4fd50e032ed674e4a87fe4d550ea461721077ef",
    "C14_shell_wall_buckling_rotated_thick_f32/2.frame": "cc131f40597b9e3452775613579ea0c13cdb9878a5054a2b828fc493879cebad",
    "C14_shell_wall_buckling_rotated_thick_f32/3.frame": "ac21a6601bfc061c9e1c1da957368ad21c87a144ea260b7712706583f55b1b20",
    "C14_shell_wall_buckling_rotated_thick_f64/0.frame": "504a5b81369680ea9fc8022652e6c493dcc100f2937491344c48fc8601bd48c0",
    "C14_shell_wall_buckling_rotated_thick_f64/1.frame": "3173af07fade904f31ba0c6fc4fd50e032ed674e4a87fe4d550ea461721077ef",
    "C14_shell_wall_buckling_rotated_thick_f64/2.frame": "cc131f40597b9e3452775613579ea0c13cdb9878a5054a2b828fc493879cebad",
    "C14_shell_wall_buckling_rotated_thick_f64/3.frame": "2e6fc78920abc2aa73fe1a538546a1032b930e255e3c0147825eadd7e99213ab",
    "C14_shell_wall_buckling_rotated_thin_f32/0.frame": "504a5b81369680ea9fc8022652e6c493dcc100f2937491344c48fc8601bd48c0",
    "C14_shell_wall_buckling_rotated_thin_f32/1.frame": "3173af07fade904f31ba0c6fc4fd50e032ed674e4a87fe4d550ea461721077ef",
    "C14_shell_wall_buckling_rotated_thin_f32/2.frame": "cc131f40597b9e3452775613579ea0c13cdb9878a5054a2b828fc493879cebad",
    "C14_shell_wall_buckling_rotated_thin_f32/3.frame": "eafda7f749d325d5d92aa160b4844c098f1e9e782034a683b0aa2f722a8f3afa",
    "C14_shell_wall_buckling_rotated_thin_f64/0.frame": "504a5b81369680ea9fc8022652e6c493dcc100f2937491344c48fc8601bd48c0",
    "C14_shell_wall_buckling_rotated_thin_f64/1.frame": "3173af07fade904f31ba0c6fc4fd50e032ed674e4a87fe4d550ea461721077ef",
    "C14_shell_wall_buckling_rotated_thin_f64/2.frame": "cc131f40597b9e3452775613579ea0c13cdb9878a5054a2b828fc493879cebad",
    "C14_shell_wall_buckling_rotated_thin_f64/3.frame": "c6623862e9f72469d577e17b9f621887a5e632a0f8acc252370a0e1b5eb0ac45",
    "C14_shell_wall_buckling_wall_thick_f32/0.frame": "504a5b81369680ea9fc8022652e6c493dcc100f2937491344c48fc8601bd48c0",
    "C14_shell_wall_buckling_wall_thick_f32/1.frame": "3173af07fade904f31ba0c6fc4fd50e032ed674e4a87fe4d550ea461721077ef",
    "C14_shell_wall_buckling_wall_thick_f32/2.frame": "cc131f40597b9e3452775613579ea0c13cdb9878a5054a2b828fc493879cebad",
    "C14_shell_wall_buckling_wall_thick_f32/3.frame": "d21247d78f1dd5be50150fc3a1d20de60edf753d19d7b5ccdff445e7782ef38d",
    "C14_shell_wall_buckling_wall_thick_f64/0.frame": "504a5b81369680ea9fc8022652e6c493dcc100f2937491344c48fc8601bd48c0",
    "C14_shell_wall_buckling_wall_thick_f64/1.frame": "3173af07fade904f31ba0c6fc4fd50e032ed674e4a87fe4d550ea461721077ef",
    "C14_shell_wall_buckling_wall_thick_f64/2.frame": "cc131f40597b9e3452775613579ea0c13cdb9878a5054a2b828fc493879cebad",
    "C14_shell_wall_buckling_wall_thick_f64/3.frame": "ab976f0c27bba8b8ef66486cd8133218674cd6853f17fafd66eff0dd37df0eef",
    "C14_shell_wall_buckling_wall_thin_f32/0.frame": "504a5b81369680ea9fc8022652e6c493dcc100f2937491344c48fc8601bd48c0",
    "C14_shell_wall_buckling_wall_thin_f32/1.frame": "3173af07fade904f31ba0c6fc4fd50e032ed674e4a87fe4d550ea461721077ef",
    "C14_shell_wall_buckling_wall_thin_f32/2.frame": "cc131f40597b9e3452775613579ea0c13cdb9878a5054a2b828fc493879cebad",
    "C14_shell_wall_buckling_wall_thin_f32/3.frame": "db04f685c7b75021cd18cb6c56872fb7f230733fdf7fd23fc9227b4d81c57300",
    "C14_shell_wall_buckling_wall_thin_f64/0.frame": "504a5b81369680ea9fc8022652e6c493dcc100f2937491344c48fc8601bd48c0",
    "C14_shell_wall_buckling_wall_thin_f64/1.frame": "3173af07fade904f31ba0c6fc4fd50e032ed674e4a87fe4d550ea461721077ef",
    "C14_shell_wall_buckling_wall_thin_f64/2.frame": "cc131f40597b9e3452775613579ea0c13cdb9878a5054a2b828fc493879cebad",
    "C14_shell_wall_buckling_wall_thin_f64/3.frame": "0a6c993133d2bf5ab74880ce0d3337cd88f9e0bfa0a3a03c47274f4f1732092e",
    "C5_floating_beam_mechanism_f32/0.frame": "504a5b81369680ea9fc8022652e6c493dcc100f2937491344c48fc8601bd48c0",
    "C5_floating_beam_mechanism_f32/1.frame": "87657080ad88db7c342dd538fb435eb3293c99275fc13ec3f594b0ff6aaf1d53",
    "C5_floating_beam_mechanism_f32/2.frame": "e36a12b6161b0817b5bdae3bf3659fe7be8c9a01603da7ad21a56f81f18ab4da",
    "C5_floating_beam_mechanism_f32/3.frame": "ed35f26bbec1f43572660b5c4a008488c4ac2196cd840d4e4a6aec27804c7192",
    "C5_floating_beam_mechanism_f64/0.frame": "504a5b81369680ea9fc8022652e6c493dcc100f2937491344c48fc8601bd48c0",
    "C5_floating_beam_mechanism_f64/1.frame": "87657080ad88db7c342dd538fb435eb3293c99275fc13ec3f594b0ff6aaf1d53",
    "C5_floating_beam_mechanism_f64/2.frame": "e36a12b6161b0817b5bdae3bf3659fe7be8c9a01603da7ad21a56f81f18ab4da",
    "C5_floating_beam_mechanism_f64/3.frame": "a9f13a03bbba8d31b9d6f115988c6ea31ee16b88a9d9f5afa5f643ab46b1aedf",
    "C6_slab_on_beam_f32/0.frame": "504a5b81369680ea9fc8022652e6c493dcc100f2937491344c48fc8601bd48c0",
    "C6_slab_on_beam_f32/1.frame": "4d205591fabc79eaf712ca59bc7681831aa6b376616d0197008745df04b9d26d",
    "C6_slab_on_beam_f32/2.frame": "ef34692315901c184fa40440377b5b84ced9a22f92aade2ab3bb717b58fdd3fc",
    "C6_slab_on_beam_f32/3.frame": "6412b2f36aff53f17f46013844fff2ef147f3d0a2db82fb622ea36c1a7796aa6",
    "C6_slab_on_beam_f64/0.frame": "504a5b81369680ea9fc8022652e6c493dcc100f2937491344c48fc8601bd48c0",
    "C6_slab_on_beam_f64/1.frame": "4d205591fabc79eaf712ca59bc7681831aa6b376616d0197008745df04b9d26d",
    "C6_slab_on_beam_f64/2.frame": "ef34692315901c184fa40440377b5b84ced9a22f92aade2ab3bb717b58fdd3fc",
    "C6_slab_on_beam_f64/3.frame": "283764741590034f24aa0030b89686e989f6dc2f4699c80a6b0fbdd9f2539e30",
    "C8_sign_cantilever_top_tension_f32/0.frame": "504a5b81369680ea9fc8022652e6c493dcc100f2937491344c48fc8601bd48c0",
    "C8_sign_cantilever_top_tension_f32/1.frame": "87657080ad88db7c342dd538fb435eb3293c99275fc13ec3f594b0ff6aaf1d53",
    "C8_sign_cantilever_top_tension_f32/2.frame": "f18afbed974f86c20c0a4b277bfd43615e0642862b011014dd8f60bcb1234533",
    "C8_sign_cantilever_top_tension_f32/3.frame": "67dfbf23c5c89dfd9de50285f770fb8cd435e8180338f19602c06f899e2707ea",
    "C8_sign_cantilever_top_tension_f64/0.frame": "504a5b81369680ea9fc8022652e6c493dcc100f2937491344c48fc8601bd48c0",
    "C8_sign_cantilever_top_tension_f64/1.frame": "87657080ad88db7c342dd538fb435eb3293c99275fc13ec3f594b0ff6aaf1d53",
    "C8_sign_cantilever_top_tension_f64/2.frame": "f18afbed974f86c20c0a4b277bfd43615e0642862b011014dd8f60bcb1234533",
    "C8_sign_cantilever_top_tension_f64/3.frame": "cd78537ac9c0f6028c786841367498cf7109204128b1d62a2893c89724099e5f"
  },
  "det_repeats": 3,
  "concurrent_jvms": 2,
  "numThreads": 1,
  "blas_environment": {
    "OPENBLAS_CORETYPE": "Haswell",
    "OPENBLAS_NUM_THREADS": "1"
  },
  "version": "1.5.0",
  "buildSha": "42ba7eb",
  "eigen": true,
  "shellEigen": true,
  "scope": "jar extraction + BSI replay; not a Minecraft game run"
}
