To honour the JVM settings for this build a single-use Daemon process will be forked. For more on this, please refer to https://docs.gradle.org/8.8/userguide/gradle_daemon.html#sec:disabling_the_daemon in the Gradle documentation.
Daemon will be stopped at the end of the build 
> Task :api:compileJava
> Task :api:processResources NO-SOURCE
> Task :api:classes
> Task :api:jar

> Task :core:compileJava
/home/rocky/br-registry-candidate/mod/core/src/main/java/com/blockreality/core/engine/InProcessEngine.java:136: warning: [try] auto-closeable resource ignored is never referenced in body of corresponding try statement
        try (var ignored = profile.begin(WORLD_ENCODE)) { payload = BsiRecords.encodeBlocks(blocks); }
                 ^
/home/rocky/br-registry-candidate/mod/core/src/main/java/com/blockreality/core/engine/InProcessEngine.java:149: warning: [try] auto-closeable resource ignored is never referenced in body of corresponding try statement
            try (var ignored = profile.begin(WORLD_MAP)) { blocks = snapshot.blocks(vocabulary); }
                     ^
/home/rocky/br-registry-candidate/mod/core/src/main/java/com/blockreality/core/engine/InProcessEngine.java:175: warning: [try] auto-closeable resource ignored is never referenced in body of corresponding try statement
        try (var ignored = profile.begin(RESULT_DECODE)) {
                 ^
/home/rocky/br-registry-candidate/mod/core/src/main/java/com/blockreality/core/engine/InProcessEngine.java:210: warning: [try] auto-closeable resource ignored is never referenced in body of corresponding try statement
            try (var ignored = profile.begin(FRAME_ENCODE)) { request = BsiFrame.encode(header, payload); }
                     ^
/home/rocky/br-registry-candidate/mod/core/src/main/java/com/blockreality/core/engine/InProcessEngine.java:213: warning: [try] auto-closeable resource ignored is never referenced in body of corresponding try statement
            try (var ignored = profile.begin(FRAME_DECODE)) {
                     ^
/home/rocky/br-registry-candidate/mod/core/src/main/java/com/blockreality/core/engine/BsiNative.java:118: warning: [try] auto-closeable resource ignored is never referenced in body of corresponding try statement
                try (var ignored = profile.begin(REPLY_COPY)) {
                         ^
6 warnings

> Task :core:processResources
> Task :core:classes
> Task :core:compileRegistryProfileJava
> Task :core:processRegistryProfileResources NO-SOURCE
> Task :core:registryProfileClasses
> Task :core:registryScaling

BUILD SUCCESSFUL in 44s
6 actionable tasks: 6 executed
