To honour the JVM settings for this build a single-use Daemon process will be forked. For more on this, please refer to https://docs.gradle.org/8.8/userguide/gradle_daemon.html#sec:disabling_the_daemon in the Gradle documentation.
Daemon will be stopped at the end of the build 

> Task :compileJava
/home/rocky/br-save-compression/forge/src/main/java/com/blockreality/impl/BlockRealityMod.java:28: warning: [removal] get() in FMLJavaModLoadingContext has been deprecated and marked for removal
        IEventBus bus = FMLJavaModLoadingContext.get().getModEventBus();
                                                ^
/home/rocky/br-save-compression/forge/src/main/java/com/blockreality/impl/BlockRealityMod.java:32: warning: [removal] get() in ModLoadingContext has been deprecated and marked for removal
        net.minecraftforge.fml.ModLoadingContext.get().registerConfig(
                                                ^
/home/rocky/br-save-compression/forge/src/main/java/com/blockreality/impl/net/BRNetwork.java:54: warning: [removal] ResourceLocation(String,String) in ResourceLocation has been deprecated and marked for removal
            new ResourceLocation(BlockRealityMod.MOD_ID, "main"),
            ^
Note: /home/rocky/br-save-compression/forge/src/main/java/com/blockreality/impl/block/StructuralBlock.java uses or overrides a deprecated API.
Note: Recompile with -Xlint:deprecation for details.
3 warnings

> Task :bundleEngines
bundleEngines: no native library requested (development build)

> Task :processResources
> Task :classes
> Task :compileRegistrySaveProfileJava
> Task :processRegistrySaveProfileResources NO-SOURCE
> Task :registrySaveProfileClasses

> Task :registrySaveProfile
2026-09-10 07:08:37,373 main WARN Advanced terminal features are not available in this environment

BUILD SUCCESSFUL in 1m 1s
5 actionable tasks: 5 executed
