> Task :api:compileJava UP-TO-DATE
> Task :api:processResources NO-SOURCE
> Task :api:classes UP-TO-DATE
> Task :api:jar UP-TO-DATE
> Task :core:compileJava
> Task :core:processResources UP-TO-DATE
> Task :core:classes
> Task :core:compileTestJava
> Task :core:processTestResources UP-TO-DATE
> Task :core:testClasses

> Task :core:test

ConstructionLedgerTest > cellAndEpochBoundsRefuseWithoutEvictionOrWraparound() PASSED

ConstructionLedgerTest > frameRunsKeepParallelCrossingProductAndUndeclaredAxesSeparate() PASSED

ConstructionLedgerTest > immutableWorkerInputAndStaleCompletionCannotOverwriteNewEdits() PASSED

ConstructionLedgerTest > historyAndLineageBoundsCannotEvictPublishedAncestors() PASSED

ConstructionLedgerTest > restoredRegistryIsIndependentOfLoadedObservationOrderAndEmptyWorldRetires() PASSED

ConstructionLedgerTest > monolithAndPanelGroupsUseOnlyDeclaredProductsAndFaceAdjacency() PASSED

ConstructionLedgerTest > splitAndMergeCreateNewIdentitiesWithExactLineage() PASSED

ConstructionLedgerTest > fullDestructionAndSameTickReplacementCannotResurrectIdentityEvenAfterPendingSave() PASSED

ConstructionLedgerTest > noOpExtensionTrimAndUnrelatedObjectsRetainPublishedIdentity() PASSED

BUILD SUCCESSFUL in 3s
7 actionable tasks: 3 executed, 4 up-to-date
