> Task :api:compileJava UP-TO-DATE
> Task :api:processResources NO-SOURCE
> Task :api:classes UP-TO-DATE
> Task :api:jar UP-TO-DATE
> Task :core:compileJava UP-TO-DATE
> Task :core:processResources UP-TO-DATE
> Task :core:classes UP-TO-DATE
> Task :core:compileTestJava
> Task :core:processTestResources UP-TO-DATE
> Task :core:testClasses

> Task :core:test FAILED

ConstructionLedgerTest > cellAndEpochBoundsRefuseWithoutEvictionOrWraparound() FAILED
    java.lang.IllegalArgumentException: invalid construction registry data
        at com.blockreality.core.world.ConstructionLedger.invalid(ConstructionLedger.java:170)
        at com.blockreality.core.world.ConstructionCodec.decode(ConstructionCodec.java:67)
        at com.blockreality.core.world.ConstructionLedger.decode(ConstructionLedger.java:165)
        at com.blockreality.core.world.ConstructionLedgerTest.cellAndEpochBoundsRefuseWithoutEvictionOrWraparound(ConstructionLedgerTest.java:126)

1 test completed, 1 failed

FAILURE: Build failed with an exception.

* What went wrong:
Execution failed for task ':core:test'.
> There were failing tests. See the report at: file:///C:/Users/wmc02/Desktop/block-reality/mod/core/build/reports/tests/test/index.html

* Try:
> Run with --scan to get full insights.

BUILD FAILED in 2s
7 actionable tasks: 2 executed, 5 up-to-date
