
> Task :compileJava
C:\Users\wmc02\Desktop\block-reality\build\ci-mutants-73wjecj1\forge\src\main\java\com\blockreality\impl\BlockRealityMod.java:28: warning: [removal] get() in FMLJavaModLoadingContext has been deprecated and marked for removal
        IEventBus bus = FMLJavaModLoadingContext.get().getModEventBus();
                                                ^
C:\Users\wmc02\Desktop\block-reality\build\ci-mutants-73wjecj1\forge\src\main\java\com\blockreality\impl\BlockRealityMod.java:32: warning: [removal] get() in ModLoadingContext has been deprecated and marked for removal
        net.minecraftforge.fml.ModLoadingContext.get().registerConfig(
                                                ^
C:\Users\wmc02\Desktop\block-reality\build\ci-mutants-73wjecj1\forge\src\main\java\com\blockreality\impl\net\BRNetwork.java:54: warning: [removal] ResourceLocation(String,String) in ResourceLocation has been deprecated and marked for removal
            new ResourceLocation(BlockRealityMod.MOD_ID, "main"),
            ^
Note: C:\Users\wmc02\Desktop\block-reality\build\ci-mutants-73wjecj1\forge\src\main\java\com\blockreality\impl\block\StructuralBlock.java uses or overrides a deprecated API.
Note: Recompile with -Xlint:deprecation for details.
3 warnings

> Task :bundleEngines
bundleEngines: no native library requested (development build)

> Task :processResources
> Task :classes
> Task :compileTestJava
> Task :processTestResources NO-SOURCE
> Task :testClasses

> Task :test FAILED

WorldIndexDataTest > unknownObjectSchemaCannotFallBackToCoverageOrOverwriteFile() FAILED
    org.opentest4j.AssertionFailedError: expected: <false> but was: <true>
        at app//org.junit.jupiter.api.AssertionFailureBuilder.build(AssertionFailureBuilder.java:151)
        at app//org.junit.jupiter.api.AssertionFailureBuilder.buildAndThrow(AssertionFailureBuilder.java:132)
        at app//org.junit.jupiter.api.AssertFalse.failNotFalse(AssertFalse.java:63)
        at app//org.junit.jupiter.api.AssertFalse.assertFalse(AssertFalse.java:36)
        at app//org.junit.jupiter.api.AssertFalse.assertFalse(AssertFalse.java:31)
        at app//org.junit.jupiter.api.Assertions.assertFalse(Assertions.java:231)
        at app//com.blockreality.impl.server.WorldIndexDataTest.unknownObjectSchemaCannotFallBackToCoverageOrOverwriteFile(WorldIndexDataTest.java:56)

1 test completed, 1 failed

FAILURE: Build failed with an exception.

* What went wrong:
Execution failed for task ':test'.
> There were failing tests. See the report at: file:///C:/Users/wmc02/Desktop/block-reality/build/ci-mutants-73wjecj1/forge/build/reports/tests/test/index.html

* Try:
> Run with --scan to get full insights.

BUILD FAILED in 10s
5 actionable tasks: 5 executed
