> Task :api:compileJava UP-TO-DATE
> Task :api:processResources NO-SOURCE
> Task :api:classes UP-TO-DATE
> Task :api:jar UP-TO-DATE
> Task :core:compileJava UP-TO-DATE
> Task :core:processResources UP-TO-DATE
> Task :core:classes UP-TO-DATE
> Task :core:compileTestJava
> Task :core:processTestResources UP-TO-DATE
> Task :core:testClasses

> Task :core:test FAILED

ConstructionLedgerTest > splitRetiresParentEvenWhenOneChildWasCompletelyReplacedInTheBatch() FAILED
    org.opentest4j.AssertionFailedError: expected: <true> but was: <false>
        at app//org.junit.jupiter.api.AssertionFailureBuilder.build(AssertionFailureBuilder.java:151)
        at app//org.junit.jupiter.api.AssertionFailureBuilder.buildAndThrow(AssertionFailureBuilder.java:132)
        at app//org.junit.jupiter.api.AssertTrue.failNotTrue(AssertTrue.java:63)
        at app//org.junit.jupiter.api.AssertTrue.assertTrue(AssertTrue.java:36)
        at app//org.junit.jupiter.api.AssertTrue.assertTrue(AssertTrue.java:31)
        at app//org.junit.jupiter.api.Assertions.assertTrue(Assertions.java:183)
        at app//com.blockreality.core.world.ConstructionLedgerTest.splitRetiresParentEvenWhenOneChildWasCompletelyReplacedInTheBatch(ConstructionLedgerTest.java:75)

1 test completed, 1 failed

FAILURE: Build failed with an exception.

* What went wrong:
Execution failed for task ':core:test'.
> There were failing tests. See the report at: file:///C:/Users/wmc02/Desktop/block-reality/mod/core/build/reports/tests/test/index.html

* Try:
> Run with --scan to get full insights.

BUILD FAILED in 2s
7 actionable tasks: 2 executed, 5 up-to-date
