java.lang.UnsupportedOperationException: Reflective setAccessible(true) disabled
java.lang.IllegalAccessException: class io.netty.util.internal.PlatformDependent0$7 (in module io.netty.common) cannot access class jdk.internal.misc.Unsafe (in module java.base) because module java.base does not export jdk.internal.misc to module io.netty.common
[02:02:59] [main/DEBUG] [ne.mi.fm.ja.FMLModContainer/LOADING]: Creating FMLModContainer instance for com.blockreality.impl.BlockRealityMod
[02:02:59] [modloading-worker-0/DEBUG] [ne.mi.fm.co.ConfigTracker/CONFIG]: Config file blockreality-server.toml for blockreality tracking
[02:02:59] [modloading-worker-0/DEBUG] [ne.mi.fm.ja.AutomaticEventSubscriber/LOADING]: Auto-subscribing com.blockreality.impl.net.StateDeliveryProbe to FORGE
[02:03:04] [Thread-2/DEBUG] [ne.mi.fm.co.ConfigFileTypeHandler/CONFIG]: Config file blockreality-server.toml changed, sending notifies
[02:03:04] [Thread-2/DEBUG] [ne.mi.fm.co.ConfigFileTypeHandler/CONFIG]: Config file blockreality-server.toml changed, sending notifies
[02:03:13] [Server thread/INFO] [minecraft/DedicatedServer]: Done (9.011s)! For help, type "help"
[02:03:19] [Thread-2/DEBUG] [ne.mi.fm.co.ConfigFileTypeHandler/CONFIG]: Config file blockreality-server.toml changed, sending notifies
[02:03:19] [Thread-2/DEBUG] [ne.mi.fm.co.ConfigFileTypeHandler/CONFIG]: Config file blockreality-server.toml changed, sending notifies
[02:03:19] [br-analysis-1/INFO] [BlockReality/]: [minecraft:overworld] native engine source=SYSTEM_PROPERTY path=/home/rocky/br-bsi-retention-native/libbsi_tectonic.so fileSha256=bbf38ff3d4633d4c9e0e7f42fb87e1e3183a6f9d7418ed88432b05392b36c121
[02:03:19] [br-analysis-1/INFO] [BlockReality/]: [minecraft:overworld] native engine READY: tectonic 1.3.0 contract=4b11cc738790d32d576ac71ecd1cb57f04d3ed9186a9e43f89492ae13c258801
[02:03:23] [br-analysis-8/INFO] [BlockReality/]: [minecraft:overworld] native engine source=SYSTEM_PROPERTY path=/home/rocky/br-bsi-retention-native/libbsi_tectonic.so fileSha256=bbf38ff3d4633d4c9e0e7f42fb87e1e3183a6f9d7418ed88432b05392b36c121
[02:03:23] [br-analysis-8/INFO] [BlockReality/]: [minecraft:overworld] native engine READY: tectonic 1.3.0 contract=4b11cc738790d32d576ac71ecd1cb57f04d3ed9186a9e43f89492ae13c258801
[02:03:25] [Thread-2/DEBUG] [ne.mi.fm.co.ConfigFileTypeHandler/CONFIG]: Config file blockreality-server.toml changed, sending notifies
[02:03:25] [Thread-2/DEBUG] [ne.mi.fm.co.ConfigFileTypeHandler/CONFIG]: Config file blockreality-server.toml changed, sending notifies
[02:03:25] [Thread-2/DEBUG] [ne.mi.fm.co.ConfigFileTypeHandler/CONFIG]: Config file blockreality-server.toml changed, sending notifies
[02:03:25] [Thread-2/DEBUG] [ne.mi.fm.co.ConfigFileTypeHandler/CONFIG]: Config file blockreality-server.toml changed, sending notifies
[02:03:26] [br-analysis-4/INFO] [BlockReality/]: [minecraft:overworld] native engine source=SYSTEM_PROPERTY path=/home/rocky/br-bsi-retention-native/libbsi_tectonic.so fileSha256=bbf38ff3d4633d4c9e0e7f42fb87e1e3183a6f9d7418ed88432b05392b36c121
[02:03:26] [br-analysis-4/INFO] [BlockReality/]: [minecraft:overworld] native engine READY: tectonic 1.3.0 contract=4b11cc738790d32d576ac71ecd1cb57f04d3ed9186a9e43f89492ae13c258801
[02:03:35] [Server thread/INFO] [minecraft/MinecraftServer]: [Rcon: Stopping the server]
[02:03:35] [Server thread/INFO] [minecraft/MinecraftServer]: Stopping server
BUILD SUCCESSFUL in 1m 4s
