
> Task :compileJava
C:\Users\wmc02\Desktop\block-reality\forge\src\main\java\com\blockreality\impl\BlockRealityMod.java:28: warning: [removal] get() in FMLJavaModLoadingContext has been deprecated and marked for removal
        IEventBus bus = FMLJavaModLoadingContext.get().getModEventBus();
                                                ^
C:\Users\wmc02\Desktop\block-reality\forge\src\main\java\com\blockreality\impl\BlockRealityMod.java:32: warning: [removal] get() in ModLoadingContext has been deprecated and marked for removal
        net.minecraftforge.fml.ModLoadingContext.get().registerConfig(
                                                ^
C:\Users\wmc02\Desktop\block-reality\forge\src\main\java\com\blockreality\impl\net\BRNetwork.java:54: warning: [removal] ResourceLocation(String,String) in ResourceLocation has been deprecated and marked for removal
            new ResourceLocation(BlockRealityMod.MOD_ID, "main"),
            ^
Note: C:\Users\wmc02\Desktop\block-reality\forge\src\main\java\com\blockreality\impl\block\StructuralBlock.java uses or overrides a deprecated API.
Note: Recompile with -Xlint:deprecation for details.
3 warnings

> Task :bundleEngines UP-TO-DATE
> Task :processResources
> Task :classes
> Task :compileTestJava
> Task :processTestResources NO-SOURCE
> Task :testClasses

> Task :test

AnalysisUpdatePacketTest > diagnosticClippingPreservesUnicodeAndFitsTheReserve() PASSED

AnalysisUpdatePacketTest > maximumIdentityAndSummaryShareTheExistingByteReserve() PASSED

AnalysisUpdatePacketTest > everyKindRoundTripsWithSourceAndRevision() FAILED
    org.opentest4j.AssertionFailedError: expected: <Optional[com.blockreality.api.ShellDisplayField@28348c6]> but was: <Optional[com.blockreality.api.ShellDisplayField@6de0f580]>
        at app//org.junit.jupiter.api.AssertionFailureBuilder.build(AssertionFailureBuilder.java:151)
        at app//org.junit.jupiter.api.AssertionFailureBuilder.buildAndThrow(AssertionFailureBuilder.java:132)
        at app//org.junit.jupiter.api.AssertEquals.failNotEqual(AssertEquals.java:197)
        at app//org.junit.jupiter.api.AssertEquals.assertEquals(AssertEquals.java:182)
        at app//org.junit.jupiter.api.AssertEquals.assertEquals(AssertEquals.java:177)
        at app//org.junit.jupiter.api.Assertions.assertEquals(Assertions.java:1145)
        at app//com.blockreality.impl.net.AnalysisUpdatePacketTest.everyKindRoundTripsWithSourceAndRevision(AnalysisUpdatePacketTest.java:48)

AnalysisUpdatePacketTest > malformedIdentityEnumsAndTrailingPayloadAreRejected() PASSED

AnalysisUpdatePacketTest > decodedNoticesCannotRollBackAnAcceptedResult() PASSED

AnalysisUpdatePacketTest > everyByteTruncationFailsClosedForEveryKind() PASSED

AnalysisUpdatePacketTest > senderRefusesContradictoryResultsBeforeWriting() PASSED

7 tests completed, 1 failed


> Task :test FAILED
FAILURE: Build failed with an exception.

* What went wrong:
Execution failed for task ':test'.
> There were failing tests. See the report at: file:///C:/Users/wmc02/Desktop/block-reality/forge/build/reports/tests/test/index.html

* Try:
> Run with --scan to get full insights.

BUILD FAILED in 11s
5 actionable tasks: 4 executed, 1 up-to-date
