# Excerpt; complete local source and raw hash are in receipts.json.
> Task :api:checkApiPurity
> Task :api:compileJava UP-TO-DATE
> Task :api:processResources NO-SOURCE
> Task :api:classes UP-TO-DATE
> Task :api:jar UP-TO-DATE
> Task :api:compileTestJava NO-SOURCE
> Task :api:processTestResources NO-SOURCE
> Task :api:testClasses UP-TO-DATE
> Task :api:test NO-SOURCE
> Task :api:check
> Task :core:checkContract
contract hash OK: 4b11cc738790... (52 files)
> Task :core:compileJava UP-TO-DATE
> Task :core:processResources UP-TO-DATE
> Task :core:classes UP-TO-DATE
> Task :core:compileTestJava
> Task :core:processTestResources UP-TO-DATE
> Task :core:testClasses
> Task :core:test
> Task :core:check
BUILD SUCCESSFUL in 11s
