> Task :api:checkApiPurity
> Task :api:compileJava UP-TO-DATE
> Task :api:processResources NO-SOURCE
> Task :api:classes UP-TO-DATE
> Task :api:jar UP-TO-DATE
> Task :api:compileTestJava NO-SOURCE
> Task :api:processTestResources NO-SOURCE
> Task :api:testClasses UP-TO-DATE
> Task :api:test NO-SOURCE
> Task :api:check

> Task :core:checkContract
contract hash OK: 4b11cc738790... (52 files)

> Task :core:compileJava UP-TO-DATE
> Task :core:processResources UP-TO-DATE
> Task :core:classes UP-TO-DATE

> Task :core:compileTestJava
C:\Users\wmc02\Desktop\block-reality\mod\core\src\test\java\com\blockreality\core\sidecar\SidecarEngineTest.java:175: error: no suitable method found for build(com.blockreality.testlegacy.MemberSnapshot,StressPalette,double)
        StressRibbon ribbon = StressRibbonBuilder.build(m, StressPalette.SIGNED_DEFAULT,
                                                 ^
    method StressRibbonBuilder.build(AnalysisResult,StressPalette,double) is not applicable
      (argument mismatch; com.blockreality.testlegacy.MemberSnapshot cannot be converted to AnalysisResult)
    method StressRibbonBuilder.build(com.blockreality.api.MemberSnapshot,StressPalette,double) is not applicable
      (argument mismatch; com.blockreality.testlegacy.MemberSnapshot cannot be converted to com.blockreality.api.MemberSnapshot)
1 error

> Task :core:compileTestJava FAILED

FAILURE: Build failed with an exception.

* What went wrong:
Execution failed for task ':core:compileTestJava'.
> Compilation failed; see the compiler error output for details.

* Try:
> Run with --info option to get more log output.
> Run with --scan to get full insights.

BUILD FAILED in 7s
7 actionable tasks: 3 executed, 4 up-to-date
