To honour the JVM settings for this build a single-use Daemon process will be forked. For more on this, please refer to https://docs.gradle.org/8.8/userguide/gradle_daemon.html#sec:disabling_the_daemon in the Gradle documentation.
Daemon will be stopped at the end of the build 

> Task :compileJava
/home/rocky/br-forge-axis-transactions/forge/src/main/java/com/blockreality/impl/BlockRealityMod.java:28: warning: [removal] get() in FMLJavaModLoadingContext has been deprecated and marked for removal
        IEventBus bus = FMLJavaModLoadingContext.get().getModEventBus();
                                                ^
/home/rocky/br-forge-axis-transactions/forge/src/main/java/com/blockreality/impl/BlockRealityMod.java:32: warning: [removal] get() in ModLoadingContext has been deprecated and marked for removal
        net.minecraftforge.fml.ModLoadingContext.get().registerConfig(
                                                ^
Note: /home/rocky/br-forge-axis-transactions/forge/src/main/java/com/blockreality/impl/block/StructuralBlock.java uses or overrides a deprecated API.
Note: Recompile with -Xlint:deprecation for details.
2 warnings

> Task :bundleEngines UP-TO-DATE
> Task :processResources UP-TO-DATE
> Task :classes
> Task :jar
> Task :downloadMcpConfig
> Task :extractSrg UP-TO-DATE
> Task :createMcpToSrg UP-TO-DATE
> Task :reobfJar
> Task :jarJar SKIPPED
> Task :reobfJarJar SKIPPED
> Task :assemble

> Task :checkNativeOnlyJar
{
  "classes": 261,
  "errors": [],
  "sha256": "5147a8f9474a30c55ab51632ea6656595f9f81cf1a2e772325c8bca9ee79a313",
  "mutations": [
    {
      "arm": "bundled-legacy",
      "compileExit": 0,
      "refused": [
        "forbidden entry: com/blockreality/testlegacy/Forbidden.class",
        "forbidden constant: com/blockreality/testlegacy/Forbidden.class -> com/blockreality/testlegacy/"
      ]
    },
    {
      "arm": "dormant-reference",
      "compileExit": 0,
      "refused": [
        "forbidden constant: com/blockreality/impl/ResurrectedReference.class -> com/blockreality/testlegacy/"
      ]
    },
    {
      "arm": "construction-process-driver",
      "compileExit": 0,
      "refused": [
        "forbidden entry: com/blockreality/core/transaction/TransactionProcessLeak.class",
        "forbidden constant: com/blockreality/core/transaction/TransactionProcessLeak.class -> com/blockreality/core/transaction/TransactionProcess"
      ]
    }
  ]
}

> Task :compileTestJava
> Task :processTestResources NO-SOURCE
> Task :testClasses

> Task :test

CellStateImageTest > canonicalCellKeysHaveExactBoundsAndNoAlternativeIntegerSpellings() PASSED

GameVocabularyResourceTest > forgeCarriesTheSameVocabularyAndEveryRegisteredBlockHasABinding() PASSED

LangKeysTest > the two languages carry the same keys, so neither is half translated PASSED

LangKeysTest > a format string with a placeholder has one in both languages PASSED

LangKeysTest > every key the game can ask for has an English string PASSED

LangKeysTest > no br.* string is carried that nothing can ask for PASSED

PlacementAxisTest > gameSourceUsesNativeSnapshotsAndObservedContactFaces() PASSED

PlacementAxisTest > rotationsAndCyclingKeepExplicitThreeAxisDeclarations() PASSED

PlacementAxisTest > undeclaredLegacyBlocksNeverInventAWorldAxis() PASSED

ProductTooltipTest > solidCellsAndPanelsDescribeDifferentRolesWithoutInventingANormal() PASSED

ProductTooltipTest > millimetresRetainNonSquareOrderWithoutBinaryRoundingOrLocaleDrift() PASSED

ProductTooltipTest > unknownProductsShowInformationUnavailableInsteadOfAnEmptyOrFictionalSize() PASSED

BrPermissionsTest > privilegedSubcommandsAreAllPresent() PASSED

BrPermissionsTest > anUnknownLiteralIsARegistrationError() PASSED

BrPermissionsTest > theWhitelistIsExactlyTheReadOnlyDiagnostics() PASSED

BrPermissionsTest > everythingOutsideTheReadOnlyWhitelistRequiresOp() PASSED

AnalysisUpdatePacketTest > diagnosticClippingPreservesUnicodeAndFitsTheReserve() PASSED

AnalysisUpdatePacketTest > maximumIdentityAndSummaryShareTheExistingByteReserve() PASSED

AnalysisUpdatePacketTest > everyKindRoundTripsWithSourceAndRevision() PASSED

AnalysisUpdatePacketTest > malformedIdentityEnumsAndTrailingPayloadAreRejected() PASSED

AnalysisUpdatePacketTest > decodedNoticesCannotRollBackAnAcceptedResult() PASSED

AnalysisUpdatePacketTest > everyByteTruncationFailsClosedForEveryKind() PASSED

AnalysisUpdatePacketTest > senderRefusesContradictoryResultsBeforeWriting() PASSED

DisplayDeliveryTest > countIdentityAndOmissionContradictionsAreRejected() PASSED

DisplayDeliveryTest > receivingChargesAggregateStationsBeforeAllocation() PASSED

DisplayDeliveryTest > selectedRecordsAreCompleteAndThreeEncodesAreIdentical() PASSED

DisplayDeliveryTest > controllingElementReservesBudgetBeforeBothFamilies() PASSED

DisplayDeliveryTest > oversizedControllerIsExplicitAndNeverChangesSummary() PASSED

DisplayDeliveryTest > oversizedFrameIsRejectedBeforeParsing() PASSED

DisplayDeliveryTest > receivingChargesAggregateBlocksBeforeAllocation() PASSED

DisplayDeliveryTest > wholeElementsFitExactBytesAndOneLessOmitsThem() PASSED

DisplayDeliveryTest > countsAreSharedAcrossElementsAndFamilies() PASSED

GlobalVerdictPacketTest > invalidGlobalValuesRejectTheWholePacket() PASSED

GlobalVerdictPacketTest > globalDecisionDoesNotDependOnDisplayedElements() PASSED

GlobalVerdictPacketTest > explicitFlagsSurviveWithoutChangingTheirNumbers() PASSED

GlobalVerdictPacketTest > incompleteWorldSummaryRetainsComputedIslandCritical() PASSED

GlobalVerdictPacketTest > fullDoubleRangeSurvivesWithoutNarrowingOrRepair() PASSED

MemberPacketCodecTest > allSampledPacketTruncationsAreRejected() PASSED

MemberPacketCodecTest > absentDisplayDoesNotEraseSamplesOrDiagnostics() PASSED

MemberPacketCodecTest > fullPacketPreservesEverySampleCellFlagAndGoverningIndex() PASSED

MemberPacketCodecTest > oversizedCollectionsRejectInsteadOfDroppingTailSamples() PASSED

MemberPacketCodecTest > exactIdentityAndMissingGoverningSurviveTheFullPacket() PASSED

MemberPacketCodecTest > identifiedPacketTruncationsAndInvalidIdentityAreRejected() PASSED

MemberPacketCodecTest > nonFiniteMetadataAndSamplesAreRejected() PASSED

NativeOnlyPacketGoldenTest > fixedPacketsRemainByteIdenticalAcrossLegacyRemoval() PASSED

NativeResultPacketTest > sharedContractResourcesDescribeThisBuild() PASSED

NativeResultPacketTest > realNativeAnalysisReachesThePacketWithTheSameFlagsAndDoubles() PASSED

NativeResultPacketTest > failedAnalysisCannotBeEncodedAsAHealthyEmptyResult() PASSED

ShellPacketCodecTest > missingDisplayAndOptionalRawRemainDistinct() PASSED

ShellPacketCodecTest > nonFiniteSurfaceAndInvalidFrameRejectTheWholePacket() PASSED

ShellPacketCodecTest > everyTruncationOfASampledShellPacketIsRejected() PASSED

ShellPacketCodecTest > completePacketPreservesVerdictBlocksAndSamplesThroughPicking() PASSED

StressResultPacketTest > aHostileMemberCountRejectsThePacket() PASSED

StressResultPacketTest > roundTripPreservesTheDrawableResult() PASSED

StressResultPacketTest > theWithheldFlagFollowsItsMemberThroughOverlayTruncation() PASSED

StressResultPacketTest > withholdingWithoutATruncatedBlockIsRejected() PASSED

StressResultPacketTest > anUnknownBucklingStateOrdinalIsRejectedNotClamped() PASSED

StressResultPacketTest > everyBucklingStateSurvivesTheTrip() PASSED

StressResultPacketTest > unassignedCountsTravelPerReason() PASSED

StressResultPacketTest > anOverLongTokenIsTruncatedRatherThanThrownDuringTheBroadcast() PASSED

StressResultPacketTest > theSmallestDoubleFactorIsPreservedExactly() PASSED

StressResultPacketTest > anOverlongDimensionIsClippedNotThrown() PASSED

StressResultPacketTest > theHostSubstitutesDisabledByScaleAndNobodyElseCan() PASSED

StressResultPacketTest > everyNumberTheClientDrawsIsWithinTheDisplayBudgetOfTheServersOwn() PASSED

StressResultPacketTest > aWholeModelSendsNoWithholdingAtAll() PASSED

StressResultPacketTest > aMemberWithoutAGoverningStationDecodesAsNone() PASSED

StressResultPacketTest > withheldElementsAndTheirReasonSurviveTheWire() PASSED

StressResultPacketTest > aStateThatContradictsItsFactorIsRejected() PASSED

StressResultPacketTest > theMaterialTokenSurvivesTheWire() PASSED

StressResultPacketTest > theSafetyClassificationIsTheServersNotAFloatComparison() PASSED

StressResultPacketTest > truncationKeepsTheGoverningMemberAndSaysSo() PASSED

StressResultPacketTest > bucklingSkippedRoundTripsAndAContradictionIsRejected() PASSED

StressResultPacketTest > aTruncatedBufferNeverThrowsItRejects() PASSED

StressResultPacketTest > nanIsCorruptionNotZero() PASSED

StressResultPacketTest > anEmptyResultRoundTripsAsMechanismData() PASSED

StressResultPacketTest > governingStationSurvivesTheTripAsAPosition() PASSED

AnalysisExecutorTest > shutdownIsIdempotentAndSafeWithoutAPool() PASSED

AnalysisExecutorTest > submitAfterShutdownDoesNotThrowItReportsFalse() PASSED

AnalysisExecutorTest > thePoolIsRebuiltAfterShutdown() PASSED

BucklingPolicyTest > theLimitIsInclusiveAndZeroMeansNever() PASSED

BucklingPolicyTest > aNegativeLimitIsOffRatherThanInverted() PASSED

BucklingPolicyTest > theNativeDefaultUsesEngineDofBudgetInsteadOfBlockCounts() PASSED

ChunkAvailabilityTest > removingCoverageForgetsOldAvailabilityAndEmptyDomainDoesNotReadWorld() PASSED

ChunkAvailabilityTest > pollHasBoundedWorkAndApplyRejectsAnUnvisitedMissingChunk() PASSED

ChunkAvailabilityTest > demotionWithoutUnloadAndPromotionWithoutLoadInvalidate() PASSED

GatherCycleTest > aCycleWithinBudgetCompletesInOneStep() PASSED

GatherCycleTest > aRevisionChangeAbandonsTheParkedCycle() PASSED

GatherCycleTest > anOverBudgetCycleYieldsAndResumesWhereItStopped() PASSED

GatherCycleTest > stepWithNoCycleIsIdle() PASSED

GatherCycleTest > zeroBudgetStillGuaranteesMinimumProgress() PASSED

InputCoverageTest > fullyObservedDomainDispatchesOnce() PASSED

InputCoverageTest > unreadableStructureAndGroundNeverDispatch() PASSED

SnapshotLoadsTest > aLoadOnABlockThatFormsNoElementIsIdentifiedByTheProbe() PASSED

SnapshotLoadsTest > aLoadInAnUnloadedChunkWaitsWithItsBlock() PASSED

SnapshotLoadsTest > momentsAreNotInventedForPointLoads() PASSED

SnapshotLoadsTest > aLoadOnAnIncludedBlockTravels() PASSED

SnapshotLoadsTest > aBlockThatFormsNoElementButCarriesNoLoadIsLeftAlone() PASSED

SnapshotLoadsTest > aLoadWhoseBlockIsGoneIsReportedStale() PASSED

SolveDispatchTest > aSuccessfulRunHandsTheResultToDeliveryAndDoesNotReleaseItself() PASSED

SolveDispatchTest > aThrowingSolveReleasesTheFlagAndLogs() PASSED

SolveDispatchTest > anErrorInTheSolveDoesNotDoubleRelease() PASSED

SolveDispatchTest > aThrowingDeliveryReleasesTheFlagAndLogs() PASSED

WorldIndexDataTest > corruptExistingFileIsNeverReplacedByEmptyData() PASSED

WorldIndexDataTest > constructionCheckpointPersistsUnsavedLegacyCoverageAndExactMetadata() PASSED

WorldIndexDataTest > actualSavedDataSurvivesReloadWithDimensionSeparation() PASSED

WorldIndexDataTest > constructionCheckpointRefusesFailedWritesAndIncorrectReadback() PASSED

WorldIndexDataTest > gzipWriterReadsLegacyCompressionAndPreservesPendingMetadataForVanilla() PASSED

WorldIndexDataTest > legacyCoverageMigratesWithoutForgettingUnloadedUnknownDeclarations() PASSED

WorldIndexDataTest > savedPendingReplacementRetiresOriginalIdentityAfterReload() PASSED

WorldIndexDataTest > failedAtomicReplacementPreservesOldFileAndDirtyRetry() PASSED

WorldIndexDataTest > unknownObjectSchemaCannotFallBackToCoverageOrOverwriteFile() PASSED

WorldIndexDataTest > failedCompressedWritePreservesOriginalFileAndAllowsExactRetry() PASSED

BoundedChunkReadTest > actualWorkerReopensEveryTagAndUnsortedFullChunkWithoutLoss() PASSED

BoundedChunkReadTest > compressedOversizedDocumentRefusesBeforeNbtConstructionAndPreservesFiles() PASSED

BoundedChunkReadTest > malformedAndDeepRegionDocumentsRefuseWithOriginalBytesRetained() PASSED

BoundedChunkReadTest > decodedByteCapStopsTheStreamBeforeTagAllocation() PASSED

BoundedChunkReadTest > duplicateNamesRefuseWithoutChangingRegionFiles() PASSED

BoundedChunkReadTest > pendingMapNeverSubstitutesForForcedRegionData() PASSED

CanonicalNbtTest > truncationTrailingDuplicateUnknownAndImpossibleLengthsRefuse() PASSED

CanonicalNbtTest > everyTagTypeRoundTripsWithVanillaAndIndependentImages() PASSED

CanonicalNbtTest > byteDepthAndTagBudgetsRefuseBeforeLargeAllocation() PASSED

CanonicalNbtTest > compoundInsertionOrderDoesNotChangeImageAndSmallGoldenIsExact() PASSED

CanonicalNbtTest > numericPayloadBitsSurviveAndUnrepresentableNegativeZeroRefuses() PASSED

ChunkFileParticipantTest > wholeImagesArePrivateAndForcingPrecedesVerifiedReadback() PASSED

ChunkFileParticipantTest > invalidLastImageAndReducedBatchLimitsCannotIssuePartialWrites() PASSED

ChunkFileParticipantTest > headersCoordinatesSectionTypeAndCanonicalBudgetsRefuseBeforeStorage() PASSED

ChunkFileParticipantTest > outstandingStoresDrainBeforeFailureAndBeforeAnyForceOrRead() PASSED

ChunkFileParticipantTest > missingReadDoesNotInventAirAndForeignThreadDoesNotPoisonOwner() PASSED

ChunkFileParticipantTest > everyStorageFailureLatchesAndNewAdapterResolvesActualWrittenImage() PASSED

ChunkFileParticipantTest > actualRegionWorkerPersistsCompleteMultipleChunksAndReopensExactBytes() PASSED

LiveChunkCaptureTest > exactEntitiesAndCapabilitiesAllowDifferentListAndCompoundOrder() PASSED

LiveChunkCaptureTest > entityTypePositionAndPackedFlagsAreStrict() PASSED

LiveChunkCaptureTest > omittedChangedDuplicateAndForeignBlockEntitiesRefuse() PASSED

LiveChunkCaptureTest > hooksCanAddButCannotReplaceDeleteOrMutateExistingFields() PASSED

LiveChunkCaptureTest > droppedOrChangedChunkCapabilitiesNeverBecomeAnEmptySuccess() PASSED

PlayerFileParticipantTest > nonFileTargetAndNonFileDirectoryRefuseWithoutReplacement() PASSED

PlayerFileParticipantTest > corruptionTruncationTrailingGzipAndInflationCapacityPreserveOriginals() PASSED

PlayerFileParticipantTest > exactFullPlayerSurvivesVanillaAndOfflineReloadWithInventoryOnlyChange() PASSED

PlayerFileParticipantTest > staleForeignAndMissingIdentityCannotOverwriteExistingPlayer() PASSED

PlayerFileParticipantTest > retainedTemporaryCountAndByteCapacityRefuseWithoutDeletingEvidence() PASSED

PlayerFileParticipantTest > failuresAtEveryRealStorageBoundaryRemainResolvable() PASSED

PlayerFileParticipantTest > changeDuringStagingIsDetectedBeforeAtomicReplacement() PASSED

PlayerInventoryImageTest > rejectsDuplicateUnknownMistypedAndMalformedInventoryWithoutMutation() PASSED

PlayerInventoryImageTest > mapsAllVanillaSlotsAndPreservesExactItemData() PASSED

PlayerInventoryImageTest > modifiesOnlyRequestedSlotsAndNeverAliasesInput() PASSED

> Task :check
> Task :build

BUILD SUCCESSFUL in 1m
11 actionable tasks: 7 executed, 4 up-to-date
