> Task :compileJava UP-TO-DATE
> Task :bundleEngines UP-TO-DATE
> Task :processResources
> Task :classes
> Task :jar
> Task :downloadMcpConfig
> Task :extractSrg UP-TO-DATE
> Task :createMcpToSrg UP-TO-DATE
> Task :reobfJar
> Task :jarJar SKIPPED
> Task :reobfJarJar SKIPPED
> Task :assemble

> Task :checkNativeOnlyJar
{
  "classes": 204,
  "errors": [],
  "sha256": "7bdfce5d1581bfadf43b769d8aeabc0cec06e7f73fe48cd1c9b1fd6c5fdb7b3c",
  "mutations": [
    {
      "arm": "bundled-legacy",
      "compileExit": 0,
      "refused": [
        "forbidden entry: com/blockreality/testlegacy/Forbidden.class",
        "forbidden constant: com/blockreality/testlegacy/Forbidden.class -> com/blockreality/testlegacy/"
      ]
    },
    {
      "arm": "dormant-reference",
      "compileExit": 0,
      "refused": [
        "forbidden constant: com/blockreality/impl/ResurrectedReference.class -> com/blockreality/testlegacy/"
      ]
    }
  ]
}

> Task :check
> Task :build

BUILD SUCCESSFUL in 20s
9 actionable tasks: 5 executed, 4 up-to-date
