
> Task :compileJava
C:\Users\wmc02\Desktop\block-reality\forge\src\main\java\com\blockreality\impl\BlockRealityMod.java:28: warning: [removal] get() in FMLJavaModLoadingContext has been deprecated and marked for removal
        IEventBus bus = FMLJavaModLoadingContext.get().getModEventBus();
                                                ^
C:\Users\wmc02\Desktop\block-reality\forge\src\main\java\com\blockreality\impl\BlockRealityMod.java:32: warning: [removal] get() in ModLoadingContext has been deprecated and marked for removal
        net.minecraftforge.fml.ModLoadingContext.get().registerConfig(
                                                ^
Note: C:\Users\wmc02\Desktop\block-reality\forge\src\main\java\com\blockreality\impl\block\StructuralBlock.java uses or overrides a deprecated API.
Note: Recompile with -Xlint:deprecation for details.
2 warnings

> Task :bundleEngines UP-TO-DATE
> Task :processResources
> Task :classes
> Task :compileTestJava
> Task :processTestResources NO-SOURCE
> Task :testClasses

> Task :test

ProductTooltipTest > solidCellsAndPanelsDescribeDifferentRolesWithoutInventingANormal() PASSED

ProductTooltipTest > millimetresRetainNonSquareOrderWithoutBinaryRoundingOrLocaleDrift() PASSED

ProductTooltipTest > unknownProductsShowInformationUnavailableInsteadOfAnEmptyOrFictionalSize() PASSED

BUILD SUCCESSFUL in 14s
5 actionable tasks: 4 executed, 1 up-to-date
