# Excerpt; full local source, hash and byte count are in receipts.json.
> Task :compileJava
> Task :bundleEngines UP-TO-DATE
> Task :processResources UP-TO-DATE
> Task :classes
> Task :jar
> Task :downloadMcpConfig
> Task :extractSrg UP-TO-DATE
> Task :createMcpToSrg UP-TO-DATE
> Task :reobfJar
> Task :jarJar SKIPPED
> Task :reobfJarJar SKIPPED
> Task :assemble
> Task :compileTestJava UP-TO-DATE
> Task :processTestResources NO-SOURCE
> Task :testClasses UP-TO-DATE
> Task :test
ProductTooltipTest > solidCellsAndPanelsDescribeDifferentRolesWithoutInventingANormal() PASSED
ProductTooltipTest > millimetresRetainNonSquareOrderWithoutBinaryRoundingOrLocaleDrift() PASSED
ProductTooltipTest > unknownProductsShowInformationUnavailableInsteadOfAnEmptyOrFictionalSize() PASSED
> Task :check
> Task :build
BUILD SUCCESSFUL in 17s
