> Task :compileJava UP-TO-DATE

> Task :bundleEngines
bundleEngines: 2 engine library/libraries from C:\Users\wmc02\Desktop\block-reality\build\native-candidate-runtime\staged

> Task :processResources
> Task :classes
> Task :jar
> Task :downloadMcpConfig
> Task :extractSrg
> Task :createMcpToSrg
> Task :reobfJar
> Task :jarJar SKIPPED
> Task :reobfJarJar SKIPPED
> Task :assemble

> Task :checkNativeOnlyJar
{
  "classes": 207,
  "errors": [],
  "sha256": "cb688bfbc6ef432bbdee84c9e3020eaadfee68e31f3a8262ce54618171793fe2",
  "mutations": [
    {
      "arm": "bundled-legacy",
      "compileExit": 0,
      "refused": [
        "forbidden entry: com/blockreality/testlegacy/Forbidden.class",
        "forbidden constant: com/blockreality/testlegacy/Forbidden.class -> com/blockreality/testlegacy/"
      ]
    },
    {
      "arm": "dormant-reference",
      "compileExit": 0,
      "refused": [
        "forbidden constant: com/blockreality/impl/ResurrectedReference.class -> com/blockreality/testlegacy/"
      ]
    }
  ]
}

> Task :check
> Task :build

BUILD SUCCESSFUL in 17s
9 actionable tasks: 8 executed, 1 up-to-date
