> Task :clean

> Task :compileJava
C:\Users\wmc02\Desktop\block-reality\forge\src\main\java\com\blockreality\impl\BlockRealityMod.java:28: warning: [removal] get() in FMLJavaModLoadingContext has been deprecated and marked for removal
        IEventBus bus = FMLJavaModLoadingContext.get().getModEventBus();
                                                ^
C:\Users\wmc02\Desktop\block-reality\forge\src\main\java\com\blockreality\impl\BlockRealityMod.java:32: warning: [removal] get() in ModLoadingContext has been deprecated and marked for removal
        net.minecraftforge.fml.ModLoadingContext.get().registerConfig(
                                                ^
C:\Users\wmc02\Desktop\block-reality\forge\src\main\java\com\blockreality\impl\net\BRNetwork.java:54: warning: [removal] ResourceLocation(String,String) in ResourceLocation has been deprecated and marked for removal
            new ResourceLocation(BlockRealityMod.MOD_ID, "main"),
            ^
Note: Some input files use or override a deprecated API.
Note: Recompile with -Xlint:deprecation for details.
3 warnings

> Task :bundleEngines
bundleEngines: no native library requested (development build)

> Task :processResources
> Task :classes
> Task :compileTestJava
> Task :processTestResources NO-SOURCE
> Task :testClasses

> Task :test

GameVocabularyResourceTest > forgeCarriesTheSameVocabularyAndEveryRegisteredBlockHasABinding() PASSED

LangKeysTest > the two languages carry the same keys, so neither is half translated PASSED

LangKeysTest > a format string with a placeholder has one in both languages PASSED

LangKeysTest > every key the game can ask for has an English string PASSED

LangKeysTest > no br.* string is carried that nothing can ask for PASSED

PlacementAxisTest > gameSourceUsesNativeSnapshotsAndObservedContactFaces() PASSED

PlacementAxisTest > rotationsAndCyclingKeepExplicitThreeAxisDeclarations() PASSED

PlacementAxisTest > undeclaredLegacyBlocksNeverInventAWorldAxis() PASSED

ProductTooltipTest > solidCellsAndPanelsDescribeDifferentRolesWithoutInventingANormal() PASSED

ProductTooltipTest > millimetresRetainNonSquareOrderWithoutBinaryRoundingOrLocaleDrift() PASSED

ProductTooltipTest > unknownProductsShowInformationUnavailableInsteadOfAnEmptyOrFictionalSize() PASSED

BrPermissionsTest > privilegedSubcommandsAreAllPresent() PASSED

BrPermissionsTest > anUnknownLiteralIsARegistrationError() PASSED

BrPermissionsTest > theWhitelistIsExactlyTheReadOnlyDiagnostics() PASSED

BrPermissionsTest > everythingOutsideTheReadOnlyWhitelistRequiresOp() PASSED

AnalysisUpdatePacketTest > diagnosticClippingPreservesUnicodeAndFitsTheReserve() PASSED

AnalysisUpdatePacketTest > maximumIdentityAndSummaryShareTheExistingByteReserve() PASSED

AnalysisUpdatePacketTest > everyKindRoundTripsWithSourceAndRevision() PASSED

AnalysisUpdatePacketTest > malformedIdentityEnumsAndTrailingPayloadAreRejected() PASSED

AnalysisUpdatePacketTest > decodedNoticesCannotRollBackAnAcceptedResult() PASSED

AnalysisUpdatePacketTest > everyByteTruncationFailsClosedForEveryKind() PASSED

AnalysisUpdatePacketTest > senderRefusesContradictoryResultsBeforeWriting() PASSED

DisplayDeliveryTest > countIdentityAndOmissionContradictionsAreRejected() PASSED

DisplayDeliveryTest > receivingChargesAggregateStationsBeforeAllocation() PASSED

DisplayDeliveryTest > selectedRecordsAreCompleteAndThreeEncodesAreIdentical() PASSED

DisplayDeliveryTest > controllingElementReservesBudgetBeforeBothFamilies() PASSED

DisplayDeliveryTest > oversizedControllerIsExplicitAndNeverChangesSummary() PASSED

DisplayDeliveryTest > oversizedFrameIsRejectedBeforeParsing() PASSED

DisplayDeliveryTest > receivingChargesAggregateBlocksBeforeAllocation() PASSED

DisplayDeliveryTest > wholeElementsFitExactBytesAndOneLessOmitsThem() PASSED

DisplayDeliveryTest > countsAreSharedAcrossElementsAndFamilies() PASSED

GlobalVerdictPacketTest > invalidGlobalValuesRejectTheWholePacket() PASSED

GlobalVerdictPacketTest > globalDecisionDoesNotDependOnDisplayedElements() PASSED

GlobalVerdictPacketTest > explicitFlagsSurviveWithoutChangingTheirNumbers() PASSED

GlobalVerdictPacketTest > incompleteWorldSummaryRetainsComputedIslandCritical() PASSED

GlobalVerdictPacketTest > fullDoubleRangeSurvivesWithoutNarrowingOrRepair() PASSED

MemberPacketCodecTest > allSampledPacketTruncationsAreRejected() PASSED

MemberPacketCodecTest > absentDisplayDoesNotEraseSamplesOrDiagnostics() PASSED

MemberPacketCodecTest > fullPacketPreservesEverySampleCellFlagAndGoverningIndex() PASSED

MemberPacketCodecTest > oversizedCollectionsRejectInsteadOfDroppingTailSamples() PASSED

MemberPacketCodecTest > exactIdentityAndMissingGoverningSurviveTheFullPacket() PASSED

MemberPacketCodecTest > identifiedPacketTruncationsAndInvalidIdentityAreRejected() PASSED

MemberPacketCodecTest > nonFiniteMetadataAndSamplesAreRejected() PASSED

NativeOnlyPacketGoldenTest > fixedPacketsRemainByteIdenticalAcrossLegacyRemoval() PASSED

NativeResultPacketTest > sharedContractResourcesDescribeThisBuild() PASSED

NativeResultPacketTest > realNativeAnalysisReachesThePacketWithTheSameFlagsAndDoubles() PASSED

NativeResultPacketTest > failedAnalysisCannotBeEncodedAsAHealthyEmptyResult() PASSED

ShellPacketCodecTest > missingDisplayAndOptionalRawRemainDistinct() PASSED

ShellPacketCodecTest > nonFiniteSurfaceAndInvalidFrameRejectTheWholePacket() PASSED

ShellPacketCodecTest > everyTruncationOfASampledShellPacketIsRejected() PASSED

ShellPacketCodecTest > completePacketPreservesVerdictBlocksAndSamplesThroughPicking() PASSED

StressResultPacketTest > aHostileMemberCountRejectsThePacket() PASSED

StressResultPacketTest > roundTripPreservesTheDrawableResult() PASSED

StressResultPacketTest > theWithheldFlagFollowsItsMemberThroughOverlayTruncation() PASSED

StressResultPacketTest > withholdingWithoutATruncatedBlockIsRejected() PASSED

StressResultPacketTest > anUnknownBucklingStateOrdinalIsRejectedNotClamped() PASSED

StressResultPacketTest > everyBucklingStateSurvivesTheTrip() PASSED

StressResultPacketTest > unassignedCountsTravelPerReason() PASSED

StressResultPacketTest > anOverLongTokenIsTruncatedRatherThanThrownDuringTheBroadcast() PASSED

StressResultPacketTest > theSmallestDoubleFactorIsPreservedExactly() PASSED

StressResultPacketTest > anOverlongDimensionIsClippedNotThrown() PASSED

StressResultPacketTest > theHostSubstitutesDisabledByScaleAndNobodyElseCan() PASSED

StressResultPacketTest > everyNumberTheClientDrawsIsWithinTheDisplayBudgetOfTheServersOwn() PASSED

StressResultPacketTest > aWholeModelSendsNoWithholdingAtAll() PASSED

StressResultPacketTest > aMemberWithoutAGoverningStationDecodesAsNone() PASSED

StressResultPacketTest > withheldElementsAndTheirReasonSurviveTheWire() PASSED

StressResultPacketTest > aStateThatContradictsItsFactorIsRejected() PASSED

StressResultPacketTest > theMaterialTokenSurvivesTheWire() PASSED

StressResultPacketTest > theSafetyClassificationIsTheServersNotAFloatComparison() PASSED

StressResultPacketTest > truncationKeepsTheGoverningMemberAndSaysSo() PASSED

StressResultPacketTest > bucklingSkippedRoundTripsAndAContradictionIsRejected() PASSED

StressResultPacketTest > aTruncatedBufferNeverThrowsItRejects() PASSED

StressResultPacketTest > nanIsCorruptionNotZero() PASSED

StressResultPacketTest > anEmptyResultRoundTripsAsMechanismData() PASSED

StressResultPacketTest > governingStationSurvivesTheTripAsAPosition() PASSED

AnalysisExecutorTest > shutdownIsIdempotentAndSafeWithoutAPool() PASSED

AnalysisExecutorTest > submitAfterShutdownDoesNotThrowItReportsFalse() PASSED

AnalysisExecutorTest > thePoolIsRebuiltAfterShutdown() PASSED

BucklingPolicyTest > theLimitIsInclusiveAndZeroMeansNever() PASSED

BucklingPolicyTest > aNegativeLimitIsOffRatherThanInverted() PASSED

BucklingPolicyTest > theNativeDefaultUsesEngineDofBudgetInsteadOfBlockCounts() PASSED

ChunkAvailabilityTest > removingCoverageForgetsOldAvailabilityAndEmptyDomainDoesNotReadWorld() PASSED

ChunkAvailabilityTest > pollHasBoundedWorkAndApplyRejectsAnUnvisitedMissingChunk() PASSED

ChunkAvailabilityTest > demotionWithoutUnloadAndPromotionWithoutLoadInvalidate() PASSED

GatherCycleTest > aCycleWithinBudgetCompletesInOneStep() PASSED

GatherCycleTest > aRevisionChangeAbandonsTheParkedCycle() PASSED

GatherCycleTest > anOverBudgetCycleYieldsAndResumesWhereItStopped() PASSED

GatherCycleTest > stepWithNoCycleIsIdle() PASSED

GatherCycleTest > zeroBudgetStillGuaranteesMinimumProgress() PASSED

InputCoverageTest > fullyObservedDomainDispatchesOnce() PASSED

InputCoverageTest > unreadableStructureAndGroundNeverDispatch() PASSED

SnapshotLoadsTest > aLoadOnABlockThatFormsNoElementIsIdentifiedByTheProbe() PASSED

SnapshotLoadsTest > aLoadInAnUnloadedChunkWaitsWithItsBlock() PASSED

SnapshotLoadsTest > momentsAreNotInventedForPointLoads() PASSED

SnapshotLoadsTest > aLoadOnAnIncludedBlockTravels() PASSED

SnapshotLoadsTest > aBlockThatFormsNoElementButCarriesNoLoadIsLeftAlone() PASSED

SnapshotLoadsTest > aLoadWhoseBlockIsGoneIsReportedStale() PASSED

SolveDispatchTest > aSuccessfulRunHandsTheResultToDeliveryAndDoesNotReleaseItself() PASSED

SolveDispatchTest > aThrowingSolveReleasesTheFlagAndLogs() PASSED

SolveDispatchTest > anErrorInTheSolveDoesNotDoubleRelease() PASSED

SolveDispatchTest > aThrowingDeliveryReleasesTheFlagAndLogs() PASSED

WorldIndexDataTest > corruptExistingFileIsNeverReplacedByEmptyData() PASSED

WorldIndexDataTest > actualSavedDataSurvivesReloadWithDimensionSeparation() PASSED

WorldIndexDataTest > gzipWriterReadsLegacyCompressionAndPreservesPendingMetadataForVanilla() PASSED

WorldIndexDataTest > legacyCoverageMigratesWithoutForgettingUnloadedUnknownDeclarations() PASSED

WorldIndexDataTest > savedPendingReplacementRetiresOriginalIdentityAfterReload() PASSED

WorldIndexDataTest > failedAtomicReplacementPreservesOldFileAndDirtyRetry() PASSED

WorldIndexDataTest > unknownObjectSchemaCannotFallBackToCoverageOrOverwriteFile() PASSED

WorldIndexDataTest > failedCompressedWritePreservesOriginalFileAndAllowsExactRetry() PASSED

BUILD SUCCESSFUL in 17s
6 actionable tasks: 6 executed
