> Task :compileJava
> Task :bundleEngines UP-TO-DATE
> Task :processResources UP-TO-DATE
> Task :classes
> Task :jar UP-TO-DATE
> Task :downloadMcpConfig
> Task :extractSrg UP-TO-DATE
> Task :createMcpToSrg UP-TO-DATE
> Task :reobfJar
> Task :jarJar SKIPPED
> Task :reobfJarJar SKIPPED
> Task :assemble

> Task :checkNativeOnlyJar
{
  "classes": 197,
  "errors": [],
  "sha256": "a7d78d33604ca9d382aa9dbc27498e86c374d904870d172e4f36cc490c7398ef",
  "mutations": [
    {
      "arm": "bundled-legacy",
      "compileExit": 0,
      "refused": [
        "forbidden entry: com/blockreality/testlegacy/Forbidden.class",
        "forbidden constant: com/blockreality/testlegacy/Forbidden.class -> com/blockreality/testlegacy/"
      ]
    },
    {
      "arm": "dormant-reference",
      "compileExit": 0,
      "refused": [
        "forbidden constant: com/blockreality/impl/ResurrectedReference.class -> com/blockreality/testlegacy/"
      ]
    }
  ]
}

> Task :compileTestJava UP-TO-DATE
> Task :processTestResources NO-SOURCE
> Task :testClasses UP-TO-DATE
> Task :test UP-TO-DATE
> Task :check
> Task :build

BUILD SUCCESSFUL in 6s
11 actionable tasks: 4 executed, 7 up-to-date
